Analysis & Synthesis report for XTEA_proj
Thu Apr 23 23:13:43 2026
Quartus Prime Version 20.1.1 Build 720 11/11/2020 SJ Lite Edition


---------------------
; Table of Contents ;
---------------------
  1. Legal Notice
  2. Analysis & Synthesis Summary
  3. Analysis & Synthesis Settings
  4. Parallel Compilation
  5. Analysis & Synthesis Source Files Read
  6. Analysis & Synthesis Resource Usage Summary
  7. Analysis & Synthesis Resource Utilization by Entity
  8. State Machine - |top_xtea_ps2_lcd|lcd_text:lcd|phase
  9. State Machine - |top_xtea_ps2_lcd|lcd_text:lcd|state
 10. State Machine - |top_xtea_ps2_lcd|xtea_core:core|state
 11. Registers Removed During Synthesis
 12. Removed Registers Triggering Further Register Optimizations
 13. General Register Statistics
 14. Multiplexer Restructuring Statistics (Restructuring Performed)
 15. Port Connectivity Checks: "lcd_text:lcd"
 16. Port Connectivity Checks: "hex64_to_ascii16:fmt"
 17. Post-Synthesis Netlist Statistics for Top Partition
 18. Elapsed Time Per Partition
 19. Analysis & Synthesis Messages



----------------
; Legal Notice ;
----------------
Copyright (C) 2020  Intel Corporation. All rights reserved.
Your use of Intel Corporation's design tools, logic functions 
and other software and tools, and any partner logic 
functions, and any output files from any of the foregoing 
(including device programming or simulation files), and any 
associated documentation or information are expressly subject 
to the terms and conditions of the Intel Program License 
Subscription Agreement, the Intel Quartus Prime License Agreement,
the Intel FPGA IP License Agreement, or other applicable license
agreement, including, without limitation, that your use is for
the sole purpose of programming logic devices manufactured by
Intel and sold by Intel or its authorized distributors.  Please
refer to the applicable agreement for further details, at
https://fpgasoftware.intel.com/eula.



+----------------------------------------------------------------------------------+
; Analysis & Synthesis Summary                                                     ;
+------------------------------------+---------------------------------------------+
; Analysis & Synthesis Status        ; Successful - Thu Apr 23 23:13:43 2026       ;
; Quartus Prime Version              ; 20.1.1 Build 720 11/11/2020 SJ Lite Edition ;
; Revision Name                      ; XTEA_proj                                   ;
; Top-level Entity Name              ; top_xtea_ps2_lcd                            ;
; Family                             ; Cyclone IV E                                ;
; Total logic elements               ; 109                                         ;
;     Total combinational functions  ; 109                                         ;
;     Dedicated logic registers      ; 46                                          ;
; Total registers                    ; 46                                          ;
; Total pins                         ; 17                                          ;
; Total virtual pins                 ; 0                                           ;
; Total memory bits                  ; 0                                           ;
; Embedded Multiplier 9-bit elements ; 0                                           ;
; Total PLLs                         ; 0                                           ;
+------------------------------------+---------------------------------------------+


+------------------------------------------------------------------------------------------------------------+
; Analysis & Synthesis Settings                                                                              ;
+------------------------------------------------------------------+--------------------+--------------------+
; Option                                                           ; Setting            ; Default Value      ;
+------------------------------------------------------------------+--------------------+--------------------+
; Device                                                           ; EP4CE115F29C7      ;                    ;
; Top-level entity name                                            ; top_xtea_ps2_lcd   ; XTEA_proj          ;
; Family name                                                      ; Cyclone IV E       ; Cyclone V          ;
; Use smart compilation                                            ; Off                ; Off                ;
; Enable parallel Assembler and Timing Analyzer during compilation ; On                 ; On                 ;
; Enable compact report table                                      ; Off                ; Off                ;
; Restructure Multiplexers                                         ; Auto               ; Auto               ;
; Create Debugging Nodes for IP Cores                              ; Off                ; Off                ;
; Preserve fewer node names                                        ; On                 ; On                 ;
; Intel FPGA IP Evaluation Mode                                    ; Enable             ; Enable             ;
; Verilog Version                                                  ; Verilog_2001       ; Verilog_2001       ;
; VHDL Version                                                     ; VHDL_1993          ; VHDL_1993          ;
; State Machine Processing                                         ; Auto               ; Auto               ;
; Safe State Machine                                               ; Off                ; Off                ;
; Extract Verilog State Machines                                   ; On                 ; On                 ;
; Extract VHDL State Machines                                      ; On                 ; On                 ;
; Ignore Verilog initial constructs                                ; Off                ; Off                ;
; Iteration limit for constant Verilog loops                       ; 5000               ; 5000               ;
; Iteration limit for non-constant Verilog loops                   ; 250                ; 250                ;
; Add Pass-Through Logic to Inferred RAMs                          ; On                 ; On                 ;
; Infer RAMs from Raw Logic                                        ; On                 ; On                 ;
; Parallel Synthesis                                               ; On                 ; On                 ;
; DSP Block Balancing                                              ; Auto               ; Auto               ;
; NOT Gate Push-Back                                               ; On                 ; On                 ;
; Power-Up Don't Care                                              ; On                 ; On                 ;
; Remove Redundant Logic Cells                                     ; Off                ; Off                ;
; Remove Duplicate Registers                                       ; On                 ; On                 ;
; Ignore CARRY Buffers                                             ; Off                ; Off                ;
; Ignore CASCADE Buffers                                           ; Off                ; Off                ;
; Ignore GLOBAL Buffers                                            ; Off                ; Off                ;
; Ignore ROW GLOBAL Buffers                                        ; Off                ; Off                ;
; Ignore LCELL Buffers                                             ; Off                ; Off                ;
; Ignore SOFT Buffers                                              ; On                 ; On                 ;
; Limit AHDL Integers to 32 Bits                                   ; Off                ; Off                ;
; Optimization Technique                                           ; Balanced           ; Balanced           ;
; Carry Chain Length                                               ; 70                 ; 70                 ;
; Auto Carry Chains                                                ; On                 ; On                 ;
; Auto Open-Drain Pins                                             ; On                 ; On                 ;
; Perform WYSIWYG Primitive Resynthesis                            ; Off                ; Off                ;
; Auto ROM Replacement                                             ; On                 ; On                 ;
; Auto RAM Replacement                                             ; On                 ; On                 ;
; Auto DSP Block Replacement                                       ; On                 ; On                 ;
; Auto Shift Register Replacement                                  ; Auto               ; Auto               ;
; Allow Shift Register Merging across Hierarchies                  ; Auto               ; Auto               ;
; Auto Clock Enable Replacement                                    ; On                 ; On                 ;
; Strict RAM Replacement                                           ; Off                ; Off                ;
; Allow Synchronous Control Signals                                ; On                 ; On                 ;
; Force Use of Synchronous Clear Signals                           ; Off                ; Off                ;
; Auto RAM Block Balancing                                         ; On                 ; On                 ;
; Auto RAM to Logic Cell Conversion                                ; Off                ; Off                ;
; Auto Resource Sharing                                            ; Off                ; Off                ;
; Allow Any RAM Size For Recognition                               ; Off                ; Off                ;
; Allow Any ROM Size For Recognition                               ; Off                ; Off                ;
; Allow Any Shift Register Size For Recognition                    ; Off                ; Off                ;
; Use LogicLock Constraints during Resource Balancing              ; On                 ; On                 ;
; Ignore translate_off and synthesis_off directives                ; Off                ; Off                ;
; Timing-Driven Synthesis                                          ; On                 ; On                 ;
; Report Parameter Settings                                        ; On                 ; On                 ;
; Report Source Assignments                                        ; On                 ; On                 ;
; Report Connectivity Checks                                       ; On                 ; On                 ;
; Ignore Maximum Fan-Out Assignments                               ; Off                ; Off                ;
; Synchronization Register Chain Length                            ; 2                  ; 2                  ;
; Power Optimization During Synthesis                              ; Normal compilation ; Normal compilation ;
; HDL message level                                                ; Level2             ; Level2             ;
; Suppress Register Optimization Related Messages                  ; Off                ; Off                ;
; Number of Removed Registers Reported in Synthesis Report         ; 5000               ; 5000               ;
; Number of Swept Nodes Reported in Synthesis Report               ; 5000               ; 5000               ;
; Number of Inverted Registers Reported in Synthesis Report        ; 100                ; 100                ;
; Clock MUX Protection                                             ; On                 ; On                 ;
; Auto Gated Clock Conversion                                      ; Off                ; Off                ;
; Block Design Naming                                              ; Auto               ; Auto               ;
; SDC constraint protection                                        ; Off                ; Off                ;
; Synthesis Effort                                                 ; Auto               ; Auto               ;
; Shift Register Replacement - Allow Asynchronous Clear Signal     ; On                 ; On                 ;
; Pre-Mapping Resynthesis Optimization                             ; Off                ; Off                ;
; Analysis & Synthesis Message Level                               ; Medium             ; Medium             ;
; Disable Register Merging Across Hierarchies                      ; Auto               ; Auto               ;
; Resource Aware Inference For Block RAM                           ; On                 ; On                 ;
+------------------------------------------------------------------+--------------------+--------------------+


+------------------------------------------+
; Parallel Compilation                     ;
+----------------------------+-------------+
; Processors                 ; Number      ;
+----------------------------+-------------+
; Number detected on machine ; 20          ;
; Maximum allowed            ; 12          ;
;                            ;             ;
; Average used               ; 1.00        ;
; Maximum used               ; 12          ;
;                            ;             ;
; Usage by Processor         ; % Time Used ;
;     Processor 1            ; 100.0%      ;
;     Processors 2-12        ;   0.0%      ;
+----------------------------+-------------+


+----------------------------------------------------------------------------------------------------------------------------------------------------------------------------------------------------------+
; Analysis & Synthesis Source Files Read                                                                                                                                                                   ;
+-------------------------------------------+-----------------+------------------------+---------------------------------------------------------------------------------------------------------+---------+
; File Name with User-Entered Path          ; Used in Netlist ; File Type              ; File Name with Absolute Path                                                                            ; Library ;
+-------------------------------------------+-----------------+------------------------+---------------------------------------------------------------------------------------------------------+---------+
; student_xtea_ps2_ascii/xtea_core.v        ; yes             ; User Verilog HDL File  ; C:/Users/boysa.CALEB-DESKTOP/Desktop/XTEA-Implementation-FPGA/student_xtea_ps2_ascii/xtea_core.v        ;         ;
; student_xtea_ps2_ascii/top_xtea_ps2_lcd.v ; yes             ; User Verilog HDL File  ; C:/Users/boysa.CALEB-DESKTOP/Desktop/XTEA-Implementation-FPGA/student_xtea_ps2_ascii/top_xtea_ps2_lcd.v ;         ;
; student_xtea_ps2_ascii/ps2_keyboard.v     ; yes             ; User Verilog HDL File  ; C:/Users/boysa.CALEB-DESKTOP/Desktop/XTEA-Implementation-FPGA/student_xtea_ps2_ascii/ps2_keyboard.v     ;         ;
; student_xtea_ps2_ascii/lcd_text.v         ; yes             ; User Verilog HDL File  ; C:/Users/boysa.CALEB-DESKTOP/Desktop/XTEA-Implementation-FPGA/student_xtea_ps2_ascii/lcd_text.v         ;         ;
; student_xtea_ps2_ascii/hex64_to_ascii16.v ; yes             ; User Verilog HDL File  ; C:/Users/boysa.CALEB-DESKTOP/Desktop/XTEA-Implementation-FPGA/student_xtea_ps2_ascii/hex64_to_ascii16.v ;         ;
; student_xtea_ps2_ascii/hex_ascii.v        ; yes             ; User Verilog HDL File  ; C:/Users/boysa.CALEB-DESKTOP/Desktop/XTEA-Implementation-FPGA/student_xtea_ps2_ascii/hex_ascii.v        ;         ;
+-------------------------------------------+-----------------+------------------------+---------------------------------------------------------------------------------------------------------+---------+


+--------------------------------------------------------------+
; Analysis & Synthesis Resource Usage Summary                  ;
+---------------------------------------------+----------------+
; Resource                                    ; Usage          ;
+---------------------------------------------+----------------+
; Estimated Total logic elements              ; 109            ;
;                                             ;                ;
; Total combinational functions               ; 109            ;
; Logic element usage by number of LUT inputs ;                ;
;     -- 4 input functions                    ; 61             ;
;     -- 3 input functions                    ; 16             ;
;     -- <=2 input functions                  ; 32             ;
;                                             ;                ;
; Logic elements by mode                      ;                ;
;     -- normal mode                          ; 90             ;
;     -- arithmetic mode                      ; 19             ;
;                                             ;                ;
; Total registers                             ; 46             ;
;     -- Dedicated logic registers            ; 46             ;
;     -- I/O registers                        ; 0              ;
;                                             ;                ;
; I/O pins                                    ; 17             ;
;                                             ;                ;
; Embedded Multiplier 9-bit elements          ; 0              ;
;                                             ;                ;
; Maximum fan-out node                        ; CLOCK_50~input ;
; Maximum fan-out                             ; 46             ;
; Total fan-out                               ; 514            ;
; Average fan-out                             ; 2.72           ;
+---------------------------------------------+----------------+


+--------------------------------------------------------------------------------------------------------------------------------------------------------------------------------------------------------------------------+
; Analysis & Synthesis Resource Utilization by Entity                                                                                                                                                                      ;
+----------------------------+---------------------+---------------------------+-------------+--------------+---------+-----------+------+--------------+--------------------------------+------------------+--------------+
; Compilation Hierarchy Node ; Combinational ALUTs ; Dedicated Logic Registers ; Memory Bits ; DSP Elements ; DSP 9x9 ; DSP 18x18 ; Pins ; Virtual Pins ; Full Hierarchy Name            ; Entity Name      ; Library Name ;
+----------------------------+---------------------+---------------------------+-------------+--------------+---------+-----------+------+--------------+--------------------------------+------------------+--------------+
; |top_xtea_ps2_lcd          ; 109 (0)             ; 46 (0)                    ; 0           ; 0            ; 0       ; 0         ; 17   ; 0            ; |top_xtea_ps2_lcd              ; top_xtea_ps2_lcd ; work         ;
;    |lcd_text:lcd|          ; 109 (109)           ; 46 (46)                   ; 0           ; 0            ; 0       ; 0         ; 0    ; 0            ; |top_xtea_ps2_lcd|lcd_text:lcd ; lcd_text         ; work         ;
+----------------------------+---------------------+---------------------------+-------------+--------------+---------+-----------+------+--------------+--------------------------------+------------------+--------------+
Note: For table entries with two numbers listed, the numbers in parentheses indicate the number of resources of the given type used by the specific entity alone. The numbers listed outside of parentheses indicate the total resources of the given type used by the specific entity and all of its sub-entities in the hierarchy.


Encoding Type:  One-Hot
+--------------------------------------------------------------------+
; State Machine - |top_xtea_ps2_lcd|lcd_text:lcd|phase               ;
+-----------------+----------------+---------------+-----------------+
; Name            ; phase.PH_SETUP ; phase.PH_ELOW ; phase.PH_EPULSE ;
+-----------------+----------------+---------------+-----------------+
; phase.PH_SETUP  ; 0              ; 0             ; 0               ;
; phase.PH_EPULSE ; 1              ; 0             ; 1               ;
; phase.PH_ELOW   ; 1              ; 1             ; 0               ;
+-----------------+----------------+---------------+-----------------+


Encoding Type:  One-Hot
+---------------------------------------------------------------------------------------------------------------------------------------------------------+
; State Machine - |top_xtea_ps2_lcd|lcd_text:lcd|state                                                                                                    ;
+---------------+---------------+--------------+---------------+---------------+-------------+--------------+--------------+---------------+--------------+
; Name          ; state.S_ADDR2 ; state.S_WRL1 ; state.S_ADDR1 ; state.S_ENTRY ; state.S_CLR ; state.S_DISP ; state.S_FUNC ; state.S_PWRON ; state.S_WRL2 ;
+---------------+---------------+--------------+---------------+---------------+-------------+--------------+--------------+---------------+--------------+
; state.S_PWRON ; 0             ; 0            ; 0             ; 0             ; 0           ; 0            ; 0            ; 0             ; 0            ;
; state.S_FUNC  ; 0             ; 0            ; 0             ; 0             ; 0           ; 0            ; 1            ; 1             ; 0            ;
; state.S_DISP  ; 0             ; 0            ; 0             ; 0             ; 0           ; 1            ; 0            ; 1             ; 0            ;
; state.S_CLR   ; 0             ; 0            ; 0             ; 0             ; 1           ; 0            ; 0            ; 1             ; 0            ;
; state.S_ENTRY ; 0             ; 0            ; 0             ; 1             ; 0           ; 0            ; 0            ; 1             ; 0            ;
; state.S_ADDR1 ; 0             ; 0            ; 1             ; 0             ; 0           ; 0            ; 0            ; 1             ; 0            ;
; state.S_WRL1  ; 0             ; 1            ; 0             ; 0             ; 0           ; 0            ; 0            ; 1             ; 0            ;
; state.S_ADDR2 ; 1             ; 0            ; 0             ; 0             ; 0           ; 0            ; 0            ; 1             ; 0            ;
; state.S_WRL2  ; 0             ; 0            ; 0             ; 0             ; 0           ; 0            ; 0            ; 1             ; 1            ;
+---------------+---------------+--------------+---------------+---------------+-------------+--------------+--------------+---------------+--------------+


Encoding Type:  One-Hot
+----------------------------------------------------------+
; State Machine - |top_xtea_ps2_lcd|xtea_core:core|state   ;
+--------------+--------------+--------------+-------------+
; Name         ; state.S_IDLE ; state.S_DONE ; state.S_RUN ;
+--------------+--------------+--------------+-------------+
; state.S_IDLE ; 0            ; 0            ; 0           ;
; state.S_RUN  ; 1            ; 0            ; 1           ;
; state.S_DONE ; 1            ; 1            ; 0           ;
+--------------+--------------+--------------+-------------+


+---------------------------------------------------------------------------------+
; Registers Removed During Synthesis                                              ;
+----------------------------------------+----------------------------------------+
; Register name                          ; Reason for Removal                     ;
+----------------------------------------+----------------------------------------+
; lcd_text:lcd|LCD_BLON                  ; Stuck at VCC due to stuck port data_in ;
; lcd_text:lcd|LCD_ON                    ; Stuck at VCC due to stuck port data_in ;
; ps2_keyboard:kbd|ascii[7]              ; Stuck at GND due to stuck port data_in ;
; lcd_text:lcd|state~11                  ; Lost fanout                            ;
; lcd_text:lcd|state~12                  ; Lost fanout                            ;
; lcd_text:lcd|state~13                  ; Lost fanout                            ;
; start                                  ; Lost fanout                            ;
; xtea_core:core|round[0..5]             ; Lost fanout                            ;
; do_dec                                 ; Lost fanout                            ;
; do_enc                                 ; Lost fanout                            ;
; key_count[0..5]                        ; Lost fanout                            ;
; blk_hex_count[0..4]                    ; Lost fanout                            ;
; blk_ascii_count[0..3]                  ; Lost fanout                            ;
; ascii_mode                             ; Lost fanout                            ;
; ps2_keyboard:kbd|ascii[0..6]           ; Lost fanout                            ;
; ps2_keyboard:kbd|ascii_valid           ; Lost fanout                            ;
; sel_key                                ; Lost fanout                            ;
; ps2_keyboard:kbd|code[0..6]            ; Lost fanout                            ;
; ps2_keyboard:kbd|got_code              ; Lost fanout                            ;
; ps2_keyboard:kbd|code[7]               ; Lost fanout                            ;
; ps2_keyboard:kbd|break_next            ; Lost fanout                            ;
; ps2_keyboard:kbd|shifter[3]            ; Lost fanout                            ;
; ps2_keyboard:kbd|ps2c_sync[1,2]        ; Lost fanout                            ;
; ps2_keyboard:kbd|bitcnt[0..3]          ; Lost fanout                            ;
; ps2_keyboard:kbd|in_frame              ; Lost fanout                            ;
; ps2_keyboard:kbd|shifter[1,2,4..8]     ; Lost fanout                            ;
; ps2_keyboard:kbd|ps2c_sync[0]          ; Lost fanout                            ;
; ps2_keyboard:kbd|shifter[9,10]         ; Lost fanout                            ;
; xtea_core:core|state.S_RUN             ; Lost fanout                            ;
; xtea_core:core|state.S_DONE            ; Lost fanout                            ;
; xtea_core:core|state.S_IDLE            ; Lost fanout                            ;
; Total Number of Removed Registers = 71 ;                                        ;
+----------------------------------------+----------------------------------------+


+------------------------------------------------------------------------------------------------------------------------------------------------+
; Removed Registers Triggering Further Register Optimizations                                                                                    ;
+---------------------------+---------------------------+----------------------------------------------------------------------------------------+
; Register name             ; Reason for Removal        ; Registers Removed due to This Register                                                 ;
+---------------------------+---------------------------+----------------------------------------------------------------------------------------+
; ps2_keyboard:kbd|ascii[7] ; Stuck at GND              ; ascii_mode, ps2_keyboard:kbd|ascii[0], ps2_keyboard:kbd|ascii[1],                      ;
;                           ; due to stuck port data_in ; ps2_keyboard:kbd|ascii[2], ps2_keyboard:kbd|ascii[3], ps2_keyboard:kbd|ascii[4],       ;
;                           ;                           ; ps2_keyboard:kbd|ascii[5], ps2_keyboard:kbd|ascii[6], ps2_keyboard:kbd|ascii_valid,    ;
;                           ;                           ; sel_key, ps2_keyboard:kbd|code[2], ps2_keyboard:kbd|code[1], ps2_keyboard:kbd|code[5], ;
;                           ;                           ; ps2_keyboard:kbd|code[4], ps2_keyboard:kbd|code[3], ps2_keyboard:kbd|code[0],          ;
;                           ;                           ; ps2_keyboard:kbd|code[6], ps2_keyboard:kbd|got_code, ps2_keyboard:kbd|code[7],         ;
;                           ;                           ; ps2_keyboard:kbd|break_next, ps2_keyboard:kbd|shifter[3],                              ;
;                           ;                           ; ps2_keyboard:kbd|ps2c_sync[1], ps2_keyboard:kbd|ps2c_sync[2],                          ;
;                           ;                           ; ps2_keyboard:kbd|bitcnt[0], ps2_keyboard:kbd|bitcnt[1], ps2_keyboard:kbd|bitcnt[2],    ;
;                           ;                           ; ps2_keyboard:kbd|bitcnt[3], ps2_keyboard:kbd|in_frame, ps2_keyboard:kbd|shifter[2],    ;
;                           ;                           ; ps2_keyboard:kbd|shifter[6], ps2_keyboard:kbd|shifter[5],                              ;
;                           ;                           ; ps2_keyboard:kbd|shifter[4], ps2_keyboard:kbd|shifter[1],                              ;
;                           ;                           ; ps2_keyboard:kbd|shifter[7], ps2_keyboard:kbd|shifter[8],                              ;
;                           ;                           ; ps2_keyboard:kbd|ps2c_sync[0], ps2_keyboard:kbd|shifter[9],                            ;
;                           ;                           ; ps2_keyboard:kbd|shifter[10]                                                           ;
; start                     ; Lost Fanouts              ; do_dec, do_enc, key_count[5], key_count[4], key_count[3], key_count[2], key_count[1],  ;
;                           ;                           ; key_count[0]                                                                           ;
; blk_hex_count[4]          ; Lost Fanouts              ; blk_hex_count[3], blk_hex_count[2], blk_hex_count[1], blk_hex_count[0]                 ;
; blk_ascii_count[3]        ; Lost Fanouts              ; blk_ascii_count[2], blk_ascii_count[1], blk_ascii_count[0]                             ;
; xtea_core:core|round[0]   ; Lost Fanouts              ; xtea_core:core|state.S_RUN                                                             ;
+---------------------------+---------------------------+----------------------------------------------------------------------------------------+


+------------------------------------------------------+
; General Register Statistics                          ;
+----------------------------------------------+-------+
; Statistic                                    ; Value ;
+----------------------------------------------+-------+
; Total registers                              ; 46    ;
; Number of registers using Synchronous Clear  ; 18    ;
; Number of registers using Synchronous Load   ; 7     ;
; Number of registers using Asynchronous Clear ; 0     ;
; Number of registers using Asynchronous Load  ; 0     ;
; Number of registers using Clock Enable       ; 15    ;
; Number of registers using Preset             ; 0     ;
+----------------------------------------------+-------+


+------------------------------------------------------------------------------------------------------------------------------------------------------------+
; Multiplexer Restructuring Statistics (Restructuring Performed)                                                                                             ;
+--------------------+-----------+---------------+----------------------+------------------------+------------+----------------------------------------------+
; Multiplexer Inputs ; Bus Width ; Baseline Area ; Area if Restructured ; Saving if Restructured ; Registered ; Example Multiplexer Output                   ;
+--------------------+-----------+---------------+----------------------+------------------------+------------+----------------------------------------------+
; 3:1                ; 4 bits    ; 8 LEs         ; 8 LEs                ; 0 LEs                  ; Yes        ; |top_xtea_ps2_lcd|lcd_text:lcd|cnt[18]       ;
; 3:1                ; 2 bits    ; 4 LEs         ; 2 LEs                ; 2 LEs                  ; Yes        ; |top_xtea_ps2_lcd|lcd_text:lcd|LCD_RS        ;
; 3:1                ; 8 bits    ; 16 LEs        ; 8 LEs                ; 8 LEs                  ; Yes        ; |top_xtea_ps2_lcd|ps2_keyboard:kbd|code[0]   ;
; 4:1                ; 4 bits    ; 8 LEs         ; 4 LEs                ; 4 LEs                  ; Yes        ; |top_xtea_ps2_lcd|ps2_keyboard:kbd|bitcnt[3] ;
; 5:1                ; 3 bits    ; 9 LEs         ; 6 LEs                ; 3 LEs                  ; Yes        ; |top_xtea_ps2_lcd|lcd_text:lcd|cnt[1]        ;
; 5:1                ; 13 bits   ; 39 LEs        ; 26 LEs               ; 13 LEs                 ; Yes        ; |top_xtea_ps2_lcd|lcd_text:lcd|cnt[3]        ;
; 5:1                ; 6 bits    ; 18 LEs        ; 6 LEs                ; 12 LEs                 ; Yes        ; |top_xtea_ps2_lcd|xtea_core:core|round[2]    ;
; 6:1                ; 2 bits    ; 8 LEs         ; 6 LEs                ; 2 LEs                  ; Yes        ; |top_xtea_ps2_lcd|lcd_text:lcd|LCD_DATA[4]   ;
; 8:1                ; 4 bits    ; 20 LEs        ; 4 LEs                ; 16 LEs                 ; Yes        ; |top_xtea_ps2_lcd|lcd_text:lcd|char_cnt[3]   ;
; 256:1              ; 7 bits    ; 1190 LEs      ; 196 LEs              ; 994 LEs                ; Yes        ; |top_xtea_ps2_lcd|ps2_keyboard:kbd|ascii[1]  ;
; 15:1               ; 6 bits    ; 60 LEs        ; 12 LEs               ; 48 LEs                 ; Yes        ; |top_xtea_ps2_lcd|key_count[2]               ;
; 15:1               ; 5 bits    ; 50 LEs        ; 10 LEs               ; 40 LEs                 ; Yes        ; |top_xtea_ps2_lcd|blk_hex_count[4]           ;
; 15:1               ; 3 bits    ; 30 LEs        ; 6 LEs                ; 24 LEs                 ; Yes        ; |top_xtea_ps2_lcd|blk_ascii_count[2]         ;
; 4:1                ; 8 bits    ; 16 LEs        ; 16 LEs               ; 0 LEs                  ; No         ; |top_xtea_ps2_lcd|lcd_text:lcd|state         ;
+--------------------+-----------+---------------+----------------------+------------------------+------------+----------------------------------------------+


+---------------------------------------------------+
; Port Connectivity Checks: "lcd_text:lcd"          ;
+-----------------+-------+----------+--------------+
; Port            ; Type  ; Severity ; Details      ;
+-----------------+-------+----------+--------------+
; line1[107..106] ; Input ; Info     ; Stuck at VCC ;
; line1[99..98]   ; Input ; Info     ; Stuck at VCC ;
; line1[91..88]   ; Input ; Info     ; Stuck at VCC ;
; line1[74..72]   ; Input ; Info     ; Stuck at VCC ;
; line1[67..64]   ; Input ; Info     ; Stuck at VCC ;
; line1[51..50]   ; Input ; Info     ; Stuck at VCC ;
; line1[125..124] ; Input ; Info     ; Stuck at GND ;
; line1[122..119] ; Input ; Info     ; Stuck at GND ;
; line1[117..115] ; Input ; Info     ; Stuck at GND ;
; line1[109..108] ; Input ; Info     ; Stuck at GND ;
; line1[105..103] ; Input ; Info     ; Stuck at GND ;
; line1[101..100] ; Input ; Info     ; Stuck at GND ;
; line1[97..95]   ; Input ; Info     ; Stuck at GND ;
; line1[93..92]   ; Input ; Info     ; Stuck at GND ;
; line1[87..86]   ; Input ; Info     ; Stuck at GND ;
; line1[84..79]   ; Input ; Info     ; Stuck at GND ;
; line1[69..68]   ; Input ; Info     ; Stuck at GND ;
; line1[59..58]   ; Input ; Info     ; Stuck at GND ;
; line1[56..55]   ; Input ; Info     ; Stuck at GND ;
; line1[53..52]   ; Input ; Info     ; Stuck at GND ;
; line1[49..47]   ; Input ; Info     ; Stuck at GND ;
; line1[45..43]   ; Input ; Info     ; Stuck at GND ;
; line1[41..38]   ; Input ; Info     ; Stuck at GND ;
; line1[36..30]   ; Input ; Info     ; Stuck at GND ;
; line1[28..22]   ; Input ; Info     ; Stuck at GND ;
; line1[20..14]   ; Input ; Info     ; Stuck at GND ;
; line1[12..6]    ; Input ; Info     ; Stuck at GND ;
; line1[4..0]     ; Input ; Info     ; Stuck at GND ;
; line1[127]      ; Input ; Info     ; Stuck at GND ;
; line1[126]      ; Input ; Info     ; Stuck at VCC ;
; line1[123]      ; Input ; Info     ; Stuck at VCC ;
; line1[118]      ; Input ; Info     ; Stuck at VCC ;
; line1[114]      ; Input ; Info     ; Stuck at VCC ;
; line1[113]      ; Input ; Info     ; Stuck at GND ;
; line1[112]      ; Input ; Info     ; Stuck at VCC ;
; line1[111]      ; Input ; Info     ; Stuck at GND ;
; line1[110]      ; Input ; Info     ; Stuck at VCC ;
; line1[102]      ; Input ; Info     ; Stuck at VCC ;
; line1[94]       ; Input ; Info     ; Stuck at VCC ;
; line1[85]       ; Input ; Info     ; Stuck at VCC ;
; line1[78]       ; Input ; Info     ; Stuck at VCC ;
; line1[77]       ; Input ; Info     ; Stuck at GND ;
; line1[76]       ; Input ; Info     ; Stuck at VCC ;
; line1[75]       ; Input ; Info     ; Stuck at GND ;
; line1[71]       ; Input ; Info     ; Stuck at GND ;
; line1[70]       ; Input ; Info     ; Stuck at VCC ;
; line1[63]       ; Input ; Info     ; Stuck at GND ;
; line1[62]       ; Input ; Info     ; Stuck at VCC ;
; line1[61]       ; Input ; Info     ; Stuck at GND ;
; line1[60]       ; Input ; Info     ; Stuck at VCC ;
; line1[57]       ; Input ; Info     ; Stuck at VCC ;
; line1[54]       ; Input ; Info     ; Stuck at VCC ;
; line1[46]       ; Input ; Info     ; Stuck at VCC ;
; line1[42]       ; Input ; Info     ; Stuck at VCC ;
; line1[37]       ; Input ; Info     ; Stuck at VCC ;
; line1[29]       ; Input ; Info     ; Stuck at VCC ;
; line1[21]       ; Input ; Info     ; Stuck at VCC ;
; line1[13]       ; Input ; Info     ; Stuck at VCC ;
; line1[5]        ; Input ; Info     ; Stuck at VCC ;
; line2[125..124] ; Input ; Info     ; Stuck at VCC ;
; line2[117..116] ; Input ; Info     ; Stuck at VCC ;
; line2[109..108] ; Input ; Info     ; Stuck at VCC ;
; line2[105..104] ; Input ; Info     ; Stuck at VCC ;
; line2[101..100] ; Input ; Info     ; Stuck at VCC ;
; line2[93..92]   ; Input ; Info     ; Stuck at VCC ;
; line2[85..84]   ; Input ; Info     ; Stuck at VCC ;
; line2[82..81]   ; Input ; Info     ; Stuck at VCC ;
; line2[77..76]   ; Input ; Info     ; Stuck at VCC ;
; line2[74..72]   ; Input ; Info     ; Stuck at VCC ;
; line2[69..67]   ; Input ; Info     ; Stuck at VCC ;
; line2[61..59]   ; Input ; Info     ; Stuck at VCC ;
; line2[53..52]   ; Input ; Info     ; Stuck at VCC ;
; line2[25..24]   ; Input ; Info     ; Stuck at VCC ;
; line2[2..1]     ; Input ; Info     ; Stuck at VCC ;
; line2[127..126] ; Input ; Info     ; Stuck at GND ;
; line2[123..121] ; Input ; Info     ; Stuck at GND ;
; line2[119..118] ; Input ; Info     ; Stuck at GND ;
; line2[115..114] ; Input ; Info     ; Stuck at GND ;
; line2[112..110] ; Input ; Info     ; Stuck at GND ;
; line2[107..106] ; Input ; Info     ; Stuck at GND ;
; line2[103..102] ; Input ; Info     ; Stuck at GND ;
; line2[97..94]   ; Input ; Info     ; Stuck at GND ;
; line2[87..86]   ; Input ; Info     ; Stuck at GND ;
; line2[80..78]   ; Input ; Info     ; Stuck at GND ;
; line2[71..70]   ; Input ; Info     ; Stuck at GND ;
; line2[66..62]   ; Input ; Info     ; Stuck at GND ;
; line2[58..57]   ; Input ; Info     ; Stuck at GND ;
; line2[55..54]   ; Input ; Info     ; Stuck at GND ;
; line2[51..47]   ; Input ; Info     ; Stuck at GND ;
; line2[45..41]   ; Input ; Info     ; Stuck at GND ;
; line2[37..34]   ; Input ; Info     ; Stuck at GND ;
; line2[32..31]   ; Input ; Info     ; Stuck at GND ;
; line2[29..26]   ; Input ; Info     ; Stuck at GND ;
; line2[21..19]   ; Input ; Info     ; Stuck at GND ;
; line2[17..15]   ; Input ; Info     ; Stuck at GND ;
; line2[13..11]   ; Input ; Info     ; Stuck at GND ;
; line2[5..3]     ; Input ; Info     ; Stuck at GND ;
; line2[120]      ; Input ; Info     ; Stuck at VCC ;
; line2[113]      ; Input ; Info     ; Stuck at VCC ;
; line2[99]       ; Input ; Info     ; Stuck at GND ;
; line2[98]       ; Input ; Info     ; Stuck at VCC ;
; line2[91]       ; Input ; Info     ; Stuck at GND ;
; line2[90]       ; Input ; Info     ; Stuck at VCC ;
; line2[89]       ; Input ; Info     ; Stuck at GND ;
; line2[88]       ; Input ; Info     ; Stuck at VCC ;
; line2[83]       ; Input ; Info     ; Stuck at GND ;
; line2[75]       ; Input ; Info     ; Stuck at GND ;
; line2[56]       ; Input ; Info     ; Stuck at VCC ;
; line2[46]       ; Input ; Info     ; Stuck at VCC ;
; line2[40]       ; Input ; Info     ; Stuck at VCC ;
; line2[39]       ; Input ; Info     ; Stuck at GND ;
; line2[38]       ; Input ; Info     ; Stuck at VCC ;
; line2[33]       ; Input ; Info     ; Stuck at VCC ;
; line2[30]       ; Input ; Info     ; Stuck at VCC ;
; line2[23]       ; Input ; Info     ; Stuck at GND ;
; line2[22]       ; Input ; Info     ; Stuck at VCC ;
; line2[18]       ; Input ; Info     ; Stuck at VCC ;
; line2[14]       ; Input ; Info     ; Stuck at VCC ;
; line2[10]       ; Input ; Info     ; Stuck at VCC ;
; line2[9]        ; Input ; Info     ; Stuck at GND ;
; line2[8]        ; Input ; Info     ; Stuck at VCC ;
; line2[7]        ; Input ; Info     ; Stuck at GND ;
; line2[6]        ; Input ; Info     ; Stuck at VCC ;
; line2[0]        ; Input ; Info     ; Stuck at GND ;
+-----------------+-------+----------+--------------+


+----------------------------------------------------------------------------------------------------------------+
; Port Connectivity Checks: "hex64_to_ascii16:fmt"                                                               ;
+------+--------+----------+-------------------------------------------------------------------------------------+
; Port ; Type   ; Severity ; Details                                                                             ;
+------+--------+----------+-------------------------------------------------------------------------------------+
; s    ; Output ; Info     ; Connected to dangling logic. Logic that only feeds a dangling port will be removed. ;
+------+--------+----------+-------------------------------------------------------------------------------------+


+-----------------------------------------------------+
; Post-Synthesis Netlist Statistics for Top Partition ;
+-----------------------+-----------------------------+
; Type                  ; Count                       ;
+-----------------------+-----------------------------+
; boundary_port         ; 17                          ;
; cycloneiii_ff         ; 46                          ;
;     ENA               ; 6                           ;
;     ENA SCLR          ; 9                           ;
;     SCLR              ; 9                           ;
;     SLD               ; 7                           ;
;     plain             ; 15                          ;
; cycloneiii_lcell_comb ; 111                         ;
;     arith             ; 19                          ;
;         2 data inputs ; 19                          ;
;     normal            ; 92                          ;
;         0 data inputs ; 2                           ;
;         1 data inputs ; 1                           ;
;         2 data inputs ; 12                          ;
;         3 data inputs ; 16                          ;
;         4 data inputs ; 61                          ;
;                       ;                             ;
; Max LUT depth         ; 6.00                        ;
; Average LUT depth     ; 3.49                        ;
+-----------------------+-----------------------------+


+-------------------------------+
; Elapsed Time Per Partition    ;
+----------------+--------------+
; Partition Name ; Elapsed Time ;
+----------------+--------------+
; Top            ; 00:00:00     ;
+----------------+--------------+


+-------------------------------+
; Analysis & Synthesis Messages ;
+-------------------------------+
Info: *******************************************************************
Info: Running Quartus Prime Analysis & Synthesis
    Info: Version 20.1.1 Build 720 11/11/2020 SJ Lite Edition
    Info: Processing started: Thu Apr 23 23:13:37 2026
Info: Command: quartus_map --read_settings_files=on --write_settings_files=off XTEA_proj -c XTEA_proj
Warning (18236): Number of processors has not been specified which may cause overloading on shared machines.  Set the global assignment NUM_PARALLEL_PROCESSORS in your QSF to an appropriate value for best performance.
Info (20030): Parallel compilation is enabled and will use 12 of the 12 processors detected
Info (12021): Found 1 design units, including 1 entities, in source file student_xtea_ps2_ascii/xtea_core.v
    Info (12023): Found entity 1: xtea_core File: C:/Users/boysa.CALEB-DESKTOP/Desktop/XTEA-Implementation-FPGA/student_xtea_ps2_ascii/xtea_core.v Line: 7
Info (12021): Found 1 design units, including 1 entities, in source file student_xtea_ps2_ascii/top_xtea_ps2_lcd.v
    Info (12023): Found entity 1: top_xtea_ps2_lcd File: C:/Users/boysa.CALEB-DESKTOP/Desktop/XTEA-Implementation-FPGA/student_xtea_ps2_ascii/top_xtea_ps2_lcd.v Line: 4
Info (12021): Found 1 design units, including 1 entities, in source file student_xtea_ps2_ascii/tb_xtea_core.v
    Info (12023): Found entity 1: tb_xtea_core File: C:/Users/boysa.CALEB-DESKTOP/Desktop/XTEA-Implementation-FPGA/student_xtea_ps2_ascii/tb_xtea_core.v Line: 3
Info (12021): Found 1 design units, including 1 entities, in source file student_xtea_ps2_ascii/ps2_keyboard.v
    Info (12023): Found entity 1: ps2_keyboard File: C:/Users/boysa.CALEB-DESKTOP/Desktop/XTEA-Implementation-FPGA/student_xtea_ps2_ascii/ps2_keyboard.v Line: 11
Info (12021): Found 1 design units, including 1 entities, in source file student_xtea_ps2_ascii/lcd_text.v
    Info (12023): Found entity 1: lcd_text File: C:/Users/boysa.CALEB-DESKTOP/Desktop/XTEA-Implementation-FPGA/student_xtea_ps2_ascii/lcd_text.v Line: 7
Info (12021): Found 1 design units, including 1 entities, in source file student_xtea_ps2_ascii/hex64_to_ascii16.v
    Info (12023): Found entity 1: hex64_to_ascii16 File: C:/Users/boysa.CALEB-DESKTOP/Desktop/XTEA-Implementation-FPGA/student_xtea_ps2_ascii/hex64_to_ascii16.v Line: 2
Info (12021): Found 2 design units, including 2 entities, in source file student_xtea_ps2_ascii/hex_ascii.v
    Info (12023): Found entity 1: hex_nibble_to_ascii File: C:/Users/boysa.CALEB-DESKTOP/Desktop/XTEA-Implementation-FPGA/student_xtea_ps2_ascii/hex_ascii.v Line: 2
    Info (12023): Found entity 2: ascii_hex_nibble File: C:/Users/boysa.CALEB-DESKTOP/Desktop/XTEA-Implementation-FPGA/student_xtea_ps2_ascii/hex_ascii.v Line: 6
Info (12127): Elaborating entity "top_xtea_ps2_lcd" for the top level hierarchy
Warning (10036): Verilog HDL or VHDL warning at top_xtea_ps2_lcd.v(96): object "l1" assigned a value but never read File: C:/Users/boysa.CALEB-DESKTOP/Desktop/XTEA-Implementation-FPGA/student_xtea_ps2_ascii/top_xtea_ps2_lcd.v Line: 96
Warning (10036): Verilog HDL or VHDL warning at top_xtea_ps2_lcd.v(96): object "l2" assigned a value but never read File: C:/Users/boysa.CALEB-DESKTOP/Desktop/XTEA-Implementation-FPGA/student_xtea_ps2_ascii/top_xtea_ps2_lcd.v Line: 96
Warning (10230): Verilog HDL assignment warning at top_xtea_ps2_lcd.v(107): truncated value with size 160 to match size of target (128) File: C:/Users/boysa.CALEB-DESKTOP/Desktop/XTEA-Implementation-FPGA/student_xtea_ps2_ascii/top_xtea_ps2_lcd.v Line: 107
Warning (10230): Verilog HDL assignment warning at top_xtea_ps2_lcd.v(110): truncated value with size 176 to match size of target (128) File: C:/Users/boysa.CALEB-DESKTOP/Desktop/XTEA-Implementation-FPGA/student_xtea_ps2_ascii/top_xtea_ps2_lcd.v Line: 110
Warning (10230): Verilog HDL assignment warning at top_xtea_ps2_lcd.v(112): truncated value with size 160 to match size of target (128) File: C:/Users/boysa.CALEB-DESKTOP/Desktop/XTEA-Implementation-FPGA/student_xtea_ps2_ascii/top_xtea_ps2_lcd.v Line: 112
Info (12128): Elaborating entity "ps2_keyboard" for hierarchy "ps2_keyboard:kbd" File: C:/Users/boysa.CALEB-DESKTOP/Desktop/XTEA-Implementation-FPGA/student_xtea_ps2_ascii/top_xtea_ps2_lcd.v Line: 20
Info (12128): Elaborating entity "ascii_hex_nibble" for hierarchy "ascii_hex_nibble:ah" File: C:/Users/boysa.CALEB-DESKTOP/Desktop/XTEA-Implementation-FPGA/student_xtea_ps2_ascii/top_xtea_ps2_lcd.v Line: 35
Warning (10230): Verilog HDL assignment warning at hex_ascii.v(9): truncated value with size 8 to match size of target (4) File: C:/Users/boysa.CALEB-DESKTOP/Desktop/XTEA-Implementation-FPGA/student_xtea_ps2_ascii/hex_ascii.v Line: 9
Warning (10230): Verilog HDL assignment warning at hex_ascii.v(10): truncated value with size 8 to match size of target (4) File: C:/Users/boysa.CALEB-DESKTOP/Desktop/XTEA-Implementation-FPGA/student_xtea_ps2_ascii/hex_ascii.v Line: 10
Warning (10230): Verilog HDL assignment warning at hex_ascii.v(11): truncated value with size 8 to match size of target (4) File: C:/Users/boysa.CALEB-DESKTOP/Desktop/XTEA-Implementation-FPGA/student_xtea_ps2_ascii/hex_ascii.v Line: 11
Warning (10240): Verilog HDL Always Construct warning at hex_ascii.v(8): inferring latch(es) for variable "h", which holds its previous value in one or more paths through the always construct File: C:/Users/boysa.CALEB-DESKTOP/Desktop/XTEA-Implementation-FPGA/student_xtea_ps2_ascii/hex_ascii.v Line: 8
Info (10041): Inferred latch for "h[0]" at hex_ascii.v(10) File: C:/Users/boysa.CALEB-DESKTOP/Desktop/XTEA-Implementation-FPGA/student_xtea_ps2_ascii/hex_ascii.v Line: 10
Info (10041): Inferred latch for "h[1]" at hex_ascii.v(10) File: C:/Users/boysa.CALEB-DESKTOP/Desktop/XTEA-Implementation-FPGA/student_xtea_ps2_ascii/hex_ascii.v Line: 10
Info (10041): Inferred latch for "h[2]" at hex_ascii.v(10) File: C:/Users/boysa.CALEB-DESKTOP/Desktop/XTEA-Implementation-FPGA/student_xtea_ps2_ascii/hex_ascii.v Line: 10
Info (10041): Inferred latch for "h[3]" at hex_ascii.v(10) File: C:/Users/boysa.CALEB-DESKTOP/Desktop/XTEA-Implementation-FPGA/student_xtea_ps2_ascii/hex_ascii.v Line: 10
Info (12128): Elaborating entity "xtea_core" for hierarchy "xtea_core:core" File: C:/Users/boysa.CALEB-DESKTOP/Desktop/XTEA-Implementation-FPGA/student_xtea_ps2_ascii/top_xtea_ps2_lcd.v Line: 86
Info (12128): Elaborating entity "hex64_to_ascii16" for hierarchy "hex64_to_ascii16:fmt" File: C:/Users/boysa.CALEB-DESKTOP/Desktop/XTEA-Implementation-FPGA/student_xtea_ps2_ascii/top_xtea_ps2_lcd.v Line: 97
Info (12128): Elaborating entity "hex_nibble_to_ascii" for hierarchy "hex64_to_ascii16:fmt|hex_nibble_to_ascii:nibs[0].conv" File: C:/Users/boysa.CALEB-DESKTOP/Desktop/XTEA-Implementation-FPGA/student_xtea_ps2_ascii/hex64_to_ascii16.v Line: 6
Info (12128): Elaborating entity "lcd_text" for hierarchy "lcd_text:lcd" File: C:/Users/boysa.CALEB-DESKTOP/Desktop/XTEA-Implementation-FPGA/student_xtea_ps2_ascii/top_xtea_ps2_lcd.v Line: 119
Info (10264): Verilog HDL Case Statement information at lcd_text.v(118): all case item expressions in this case statement are onehot File: C:/Users/boysa.CALEB-DESKTOP/Desktop/XTEA-Implementation-FPGA/student_xtea_ps2_ascii/lcd_text.v Line: 118
Info (10264): Verilog HDL Case Statement information at lcd_text.v(144): all case item expressions in this case statement are onehot File: C:/Users/boysa.CALEB-DESKTOP/Desktop/XTEA-Implementation-FPGA/student_xtea_ps2_ascii/lcd_text.v Line: 144
Info (10264): Verilog HDL Case Statement information at lcd_text.v(161): all case item expressions in this case statement are onehot File: C:/Users/boysa.CALEB-DESKTOP/Desktop/XTEA-Implementation-FPGA/student_xtea_ps2_ascii/lcd_text.v Line: 161
Warning (13024): Output pins are stuck at VCC or GND
    Warning (13410): Pin "LCD_ON" is stuck at VCC File: C:/Users/boysa.CALEB-DESKTOP/Desktop/XTEA-Implementation-FPGA/student_xtea_ps2_ascii/top_xtea_ps2_lcd.v Line: 9
    Warning (13410): Pin "LCD_BLON" is stuck at VCC File: C:/Users/boysa.CALEB-DESKTOP/Desktop/XTEA-Implementation-FPGA/student_xtea_ps2_ascii/top_xtea_ps2_lcd.v Line: 10
    Warning (13410): Pin "LCD_RW" is stuck at GND File: C:/Users/boysa.CALEB-DESKTOP/Desktop/XTEA-Implementation-FPGA/student_xtea_ps2_ascii/top_xtea_ps2_lcd.v Line: 13
Info (286030): Timing-Driven Synthesis is running
Info (17049): 68 registers lost all their fanouts during netlist optimizations.
Info (16010): Generating hard_block partition "hard_block:auto_generated_inst"
    Info (16011): Adding 0 node(s), including 0 DDIO, 0 PLL, 0 transceiver and 0 LCELL
Warning (21074): Design contains 2 input pin(s) that do not drive logic
    Warning (15610): No output dependent on input pin "PS2_KBCLK" File: C:/Users/boysa.CALEB-DESKTOP/Desktop/XTEA-Implementation-FPGA/student_xtea_ps2_ascii/top_xtea_ps2_lcd.v Line: 7
    Warning (15610): No output dependent on input pin "PS2_KBDAT" File: C:/Users/boysa.CALEB-DESKTOP/Desktop/XTEA-Implementation-FPGA/student_xtea_ps2_ascii/top_xtea_ps2_lcd.v Line: 8
Info (21057): Implemented 126 device resources after synthesis - the final resource count might be different
    Info (21058): Implemented 4 input pins
    Info (21059): Implemented 13 output pins
    Info (21061): Implemented 109 logic cells
Info: Quartus Prime Analysis & Synthesis was successful. 0 errors, 17 warnings
    Info: Peak virtual memory: 4830 megabytes
    Info: Processing ended: Thu Apr 23 23:13:43 2026
    Info: Elapsed time: 00:00:06
    Info: Total CPU time (on all processors): 00:00:13


