Analysis & Synthesis report for XTEA_proj
Wed Apr 29 21:58:22 2026
Quartus Prime Version 20.1.1 Build 720 11/11/2020 SJ Lite Edition


---------------------
; Table of Contents ;
---------------------
  1. Legal Notice
  2. Analysis & Synthesis Summary
  3. Analysis & Synthesis Settings
  4. Parallel Compilation
  5. Analysis & Synthesis Source Files Read
  6. Analysis & Synthesis Resource Usage Summary
  7. Analysis & Synthesis Resource Utilization by Entity
  8. State Machine - |top_xtea_ps2_lcd|lcd_text:lcd|phase
  9. State Machine - |top_xtea_ps2_lcd|lcd_text:lcd|state
 10. State Machine - |top_xtea_ps2_lcd|xtea_core:core|state
 11. User-Specified and Inferred Latches
 12. Registers Removed During Synthesis
 13. General Register Statistics
 14. Multiplexer Restructuring Statistics (Restructuring Performed)
 15. Parameter Settings for Inferred Entity Instance: lpm_divide:Mod2
 16. Parameter Settings for Inferred Entity Instance: lpm_divide:Mod0
 17. Parameter Settings for Inferred Entity Instance: lpm_divide:Div1
 18. Parameter Settings for Inferred Entity Instance: lpm_divide:Div2
 19. Parameter Settings for Inferred Entity Instance: lpm_divide:Div0
 20. Parameter Settings for Inferred Entity Instance: lpm_divide:Mod1
 21. Post-Synthesis Netlist Statistics for Top Partition
 22. Elapsed Time Per Partition
 23. Analysis & Synthesis Messages



----------------
; Legal Notice ;
----------------
Copyright (C) 2020  Intel Corporation. All rights reserved.
Your use of Intel Corporation's design tools, logic functions 
and other software and tools, and any partner logic 
functions, and any output files from any of the foregoing 
(including device programming or simulation files), and any 
associated documentation or information are expressly subject 
to the terms and conditions of the Intel Program License 
Subscription Agreement, the Intel Quartus Prime License Agreement,
the Intel FPGA IP License Agreement, or other applicable license
agreement, including, without limitation, that your use is for
the sole purpose of programming logic devices manufactured by
Intel and sold by Intel or its authorized distributors.  Please
refer to the applicable agreement for further details, at
https://fpgasoftware.intel.com/eula.



+----------------------------------------------------------------------------------+
; Analysis & Synthesis Summary                                                     ;
+------------------------------------+---------------------------------------------+
; Analysis & Synthesis Status        ; Successful - Wed Apr 29 21:58:22 2026       ;
; Quartus Prime Version              ; 20.1.1 Build 720 11/11/2020 SJ Lite Edition ;
; Revision Name                      ; XTEA_proj                                   ;
; Top-level Entity Name              ; top_xtea_ps2_lcd                            ;
; Family                             ; Cyclone IV E                                ;
; Total logic elements               ; 2,379                                       ;
;     Total combinational functions  ; 2,359                                       ;
;     Dedicated logic registers      ; 664                                         ;
; Total registers                    ; 664                                         ;
; Total pins                         ; 38                                          ;
; Total virtual pins                 ; 0                                           ;
; Total memory bits                  ; 0                                           ;
; Embedded Multiplier 9-bit elements ; 0                                           ;
; Total PLLs                         ; 0                                           ;
+------------------------------------+---------------------------------------------+


+------------------------------------------------------------------------------------------------------------+
; Analysis & Synthesis Settings                                                                              ;
+------------------------------------------------------------------+--------------------+--------------------+
; Option                                                           ; Setting            ; Default Value      ;
+------------------------------------------------------------------+--------------------+--------------------+
; Device                                                           ; EP4CE115F29C7      ;                    ;
; Top-level entity name                                            ; top_xtea_ps2_lcd   ; XTEA_proj          ;
; Family name                                                      ; Cyclone IV E       ; Cyclone V          ;
; Use smart compilation                                            ; Off                ; Off                ;
; Enable parallel Assembler and Timing Analyzer during compilation ; On                 ; On                 ;
; Enable compact report table                                      ; Off                ; Off                ;
; Restructure Multiplexers                                         ; Auto               ; Auto               ;
; Create Debugging Nodes for IP Cores                              ; Off                ; Off                ;
; Preserve fewer node names                                        ; On                 ; On                 ;
; Intel FPGA IP Evaluation Mode                                    ; Enable             ; Enable             ;
; Verilog Version                                                  ; Verilog_2001       ; Verilog_2001       ;
; VHDL Version                                                     ; VHDL_1993          ; VHDL_1993          ;
; State Machine Processing                                         ; Auto               ; Auto               ;
; Safe State Machine                                               ; Off                ; Off                ;
; Extract Verilog State Machines                                   ; On                 ; On                 ;
; Extract VHDL State Machines                                      ; On                 ; On                 ;
; Ignore Verilog initial constructs                                ; Off                ; Off                ;
; Iteration limit for constant Verilog loops                       ; 5000               ; 5000               ;
; Iteration limit for non-constant Verilog loops                   ; 250                ; 250                ;
; Add Pass-Through Logic to Inferred RAMs                          ; On                 ; On                 ;
; Infer RAMs from Raw Logic                                        ; On                 ; On                 ;
; Parallel Synthesis                                               ; On                 ; On                 ;
; DSP Block Balancing                                              ; Auto               ; Auto               ;
; NOT Gate Push-Back                                               ; On                 ; On                 ;
; Power-Up Don't Care                                              ; On                 ; On                 ;
; Remove Redundant Logic Cells                                     ; Off                ; Off                ;
; Remove Duplicate Registers                                       ; On                 ; On                 ;
; Ignore CARRY Buffers                                             ; Off                ; Off                ;
; Ignore CASCADE Buffers                                           ; Off                ; Off                ;
; Ignore GLOBAL Buffers                                            ; Off                ; Off                ;
; Ignore ROW GLOBAL Buffers                                        ; Off                ; Off                ;
; Ignore LCELL Buffers                                             ; Off                ; Off                ;
; Ignore SOFT Buffers                                              ; On                 ; On                 ;
; Limit AHDL Integers to 32 Bits                                   ; Off                ; Off                ;
; Optimization Technique                                           ; Balanced           ; Balanced           ;
; Carry Chain Length                                               ; 70                 ; 70                 ;
; Auto Carry Chains                                                ; On                 ; On                 ;
; Auto Open-Drain Pins                                             ; On                 ; On                 ;
; Perform WYSIWYG Primitive Resynthesis                            ; Off                ; Off                ;
; Auto ROM Replacement                                             ; On                 ; On                 ;
; Auto RAM Replacement                                             ; On                 ; On                 ;
; Auto DSP Block Replacement                                       ; On                 ; On                 ;
; Auto Shift Register Replacement                                  ; Auto               ; Auto               ;
; Allow Shift Register Merging across Hierarchies                  ; Auto               ; Auto               ;
; Auto Clock Enable Replacement                                    ; On                 ; On                 ;
; Strict RAM Replacement                                           ; Off                ; Off                ;
; Allow Synchronous Control Signals                                ; On                 ; On                 ;
; Force Use of Synchronous Clear Signals                           ; Off                ; Off                ;
; Auto RAM Block Balancing                                         ; On                 ; On                 ;
; Auto RAM to Logic Cell Conversion                                ; Off                ; Off                ;
; Auto Resource Sharing                                            ; Off                ; Off                ;
; Allow Any RAM Size For Recognition                               ; Off                ; Off                ;
; Allow Any ROM Size For Recognition                               ; Off                ; Off                ;
; Allow Any Shift Register Size For Recognition                    ; Off                ; Off                ;
; Use LogicLock Constraints during Resource Balancing              ; On                 ; On                 ;
; Ignore translate_off and synthesis_off directives                ; Off                ; Off                ;
; Timing-Driven Synthesis                                          ; On                 ; On                 ;
; Report Parameter Settings                                        ; On                 ; On                 ;
; Report Source Assignments                                        ; On                 ; On                 ;
; Report Connectivity Checks                                       ; On                 ; On                 ;
; Ignore Maximum Fan-Out Assignments                               ; Off                ; Off                ;
; Synchronization Register Chain Length                            ; 2                  ; 2                  ;
; Power Optimization During Synthesis                              ; Normal compilation ; Normal compilation ;
; HDL message level                                                ; Level2             ; Level2             ;
; Suppress Register Optimization Related Messages                  ; Off                ; Off                ;
; Number of Removed Registers Reported in Synthesis Report         ; 5000               ; 5000               ;
; Number of Swept Nodes Reported in Synthesis Report               ; 5000               ; 5000               ;
; Number of Inverted Registers Reported in Synthesis Report        ; 100                ; 100                ;
; Clock MUX Protection                                             ; On                 ; On                 ;
; Auto Gated Clock Conversion                                      ; Off                ; Off                ;
; Block Design Naming                                              ; Auto               ; Auto               ;
; SDC constraint protection                                        ; Off                ; Off                ;
; Synthesis Effort                                                 ; Auto               ; Auto               ;
; Shift Register Replacement - Allow Asynchronous Clear Signal     ; On                 ; On                 ;
; Pre-Mapping Resynthesis Optimization                             ; Off                ; Off                ;
; Analysis & Synthesis Message Level                               ; Medium             ; Medium             ;
; Disable Register Merging Across Hierarchies                      ; Auto               ; Auto               ;
; Resource Aware Inference For Block RAM                           ; On                 ; On                 ;
+------------------------------------------------------------------+--------------------+--------------------+


+------------------------------------------+
; Parallel Compilation                     ;
+----------------------------+-------------+
; Processors                 ; Number      ;
+----------------------------+-------------+
; Number detected on machine ; 20          ;
; Maximum allowed            ; 12          ;
;                            ;             ;
; Average used               ; 1.01        ;
; Maximum used               ; 12          ;
;                            ;             ;
; Usage by Processor         ; % Time Used ;
;     Processor 1            ; 100.0%      ;
;     Processor 2            ;   0.2%      ;
;     Processor 3            ;   0.1%      ;
;     Processor 4            ;   0.1%      ;
;     Processor 5            ;   0.1%      ;
;     Processor 6            ;   0.1%      ;
;     Processor 7            ;   0.1%      ;
;     Processor 8            ;   0.1%      ;
;     Processors 9-12        ;   0.0%      ;
+----------------------------+-------------+


+----------------------------------------------------------------------------------------------------------------------------------------------------------------------------------------------------------------+
; Analysis & Synthesis Source Files Read                                                                                                                                                                         ;
+-------------------------------------------+-----------------+------------------------------+---------------------------------------------------------------------------------------------------------+---------+
; File Name with User-Entered Path          ; Used in Netlist ; File Type                    ; File Name with Absolute Path                                                                            ; Library ;
+-------------------------------------------+-----------------+------------------------------+---------------------------------------------------------------------------------------------------------+---------+
; student_xtea_ps2_ascii/xtea_core.v        ; yes             ; User Verilog HDL File        ; C:/Users/boysa.CALEB-DESKTOP/Desktop/XTEA-Implementation-FPGA/student_xtea_ps2_ascii/xtea_core.v        ;         ;
; student_xtea_ps2_ascii/top_xtea_ps2_lcd.v ; yes             ; User Verilog HDL File        ; C:/Users/boysa.CALEB-DESKTOP/Desktop/XTEA-Implementation-FPGA/student_xtea_ps2_ascii/top_xtea_ps2_lcd.v ;         ;
; student_xtea_ps2_ascii/ps2_keyboard.v     ; yes             ; User Verilog HDL File        ; C:/Users/boysa.CALEB-DESKTOP/Desktop/XTEA-Implementation-FPGA/student_xtea_ps2_ascii/ps2_keyboard.v     ;         ;
; student_xtea_ps2_ascii/lcd_text.v         ; yes             ; User Verilog HDL File        ; C:/Users/boysa.CALEB-DESKTOP/Desktop/XTEA-Implementation-FPGA/student_xtea_ps2_ascii/lcd_text.v         ;         ;
; student_xtea_ps2_ascii/hex64_to_ascii16.v ; yes             ; User Verilog HDL File        ; C:/Users/boysa.CALEB-DESKTOP/Desktop/XTEA-Implementation-FPGA/student_xtea_ps2_ascii/hex64_to_ascii16.v ;         ;
; student_xtea_ps2_ascii/hex_ascii.v        ; yes             ; User Verilog HDL File        ; C:/Users/boysa.CALEB-DESKTOP/Desktop/XTEA-Implementation-FPGA/student_xtea_ps2_ascii/hex_ascii.v        ;         ;
; lpm_divide.tdf                            ; yes             ; Megafunction                 ; c:/intelfpga_lite/20.1/quartus/libraries/megafunctions/lpm_divide.tdf                                   ;         ;
; abs_divider.inc                           ; yes             ; Megafunction                 ; c:/intelfpga_lite/20.1/quartus/libraries/megafunctions/abs_divider.inc                                  ;         ;
; sign_div_unsign.inc                       ; yes             ; Megafunction                 ; c:/intelfpga_lite/20.1/quartus/libraries/megafunctions/sign_div_unsign.inc                              ;         ;
; aglobal201.inc                            ; yes             ; Megafunction                 ; c:/intelfpga_lite/20.1/quartus/libraries/megafunctions/aglobal201.inc                                   ;         ;
; db/lpm_divide_j9m.tdf                     ; yes             ; Auto-Generated Megafunction  ; C:/Users/boysa.CALEB-DESKTOP/Desktop/XTEA-Implementation-FPGA/db/lpm_divide_j9m.tdf                     ;         ;
; db/sign_div_unsign_8kh.tdf                ; yes             ; Auto-Generated Megafunction  ; C:/Users/boysa.CALEB-DESKTOP/Desktop/XTEA-Implementation-FPGA/db/sign_div_unsign_8kh.tdf                ;         ;
; db/alt_u_div_44f.tdf                      ; yes             ; Auto-Generated Megafunction  ; C:/Users/boysa.CALEB-DESKTOP/Desktop/XTEA-Implementation-FPGA/db/alt_u_div_44f.tdf                      ;         ;
; db/add_sub_7pc.tdf                        ; yes             ; Auto-Generated Megafunction  ; C:/Users/boysa.CALEB-DESKTOP/Desktop/XTEA-Implementation-FPGA/db/add_sub_7pc.tdf                        ;         ;
; db/add_sub_8pc.tdf                        ; yes             ; Auto-Generated Megafunction  ; C:/Users/boysa.CALEB-DESKTOP/Desktop/XTEA-Implementation-FPGA/db/add_sub_8pc.tdf                        ;         ;
; db/lpm_divide_k9m.tdf                     ; yes             ; Auto-Generated Megafunction  ; C:/Users/boysa.CALEB-DESKTOP/Desktop/XTEA-Implementation-FPGA/db/lpm_divide_k9m.tdf                     ;         ;
; db/sign_div_unsign_9kh.tdf                ; yes             ; Auto-Generated Megafunction  ; C:/Users/boysa.CALEB-DESKTOP/Desktop/XTEA-Implementation-FPGA/db/sign_div_unsign_9kh.tdf                ;         ;
; db/alt_u_div_64f.tdf                      ; yes             ; Auto-Generated Megafunction  ; C:/Users/boysa.CALEB-DESKTOP/Desktop/XTEA-Implementation-FPGA/db/alt_u_div_64f.tdf                      ;         ;
; db/lpm_divide_fhm.tdf                     ; yes             ; Auto-Generated Megafunction  ; C:/Users/boysa.CALEB-DESKTOP/Desktop/XTEA-Implementation-FPGA/db/lpm_divide_fhm.tdf                     ;         ;
; db/sign_div_unsign_7kh.tdf                ; yes             ; Auto-Generated Megafunction  ; C:/Users/boysa.CALEB-DESKTOP/Desktop/XTEA-Implementation-FPGA/db/sign_div_unsign_7kh.tdf                ;         ;
; db/alt_u_div_24f.tdf                      ; yes             ; Auto-Generated Megafunction  ; C:/Users/boysa.CALEB-DESKTOP/Desktop/XTEA-Implementation-FPGA/db/alt_u_div_24f.tdf                      ;         ;
; db/lpm_divide_ghm.tdf                     ; yes             ; Auto-Generated Megafunction  ; C:/Users/boysa.CALEB-DESKTOP/Desktop/XTEA-Implementation-FPGA/db/lpm_divide_ghm.tdf                     ;         ;
; db/lpm_divide_hhm.tdf                     ; yes             ; Auto-Generated Megafunction  ; C:/Users/boysa.CALEB-DESKTOP/Desktop/XTEA-Implementation-FPGA/db/lpm_divide_hhm.tdf                     ;         ;
; db/lpm_divide_i9m.tdf                     ; yes             ; Auto-Generated Megafunction  ; C:/Users/boysa.CALEB-DESKTOP/Desktop/XTEA-Implementation-FPGA/db/lpm_divide_i9m.tdf                     ;         ;
+-------------------------------------------+-----------------+------------------------------+---------------------------------------------------------------------------------------------------------+---------+


+--------------------------------------------------------------+
; Analysis & Synthesis Resource Usage Summary                  ;
+---------------------------------------------+----------------+
; Resource                                    ; Usage          ;
+---------------------------------------------+----------------+
; Estimated Total logic elements              ; 2,379          ;
;                                             ;                ;
; Total combinational functions               ; 2359           ;
; Logic element usage by number of LUT inputs ;                ;
;     -- 4 input functions                    ; 950            ;
;     -- 3 input functions                    ; 739            ;
;     -- <=2 input functions                  ; 670            ;
;                                             ;                ;
; Logic elements by mode                      ;                ;
;     -- normal mode                          ; 1690           ;
;     -- arithmetic mode                      ; 669            ;
;                                             ;                ;
; Total registers                             ; 664            ;
;     -- Dedicated logic registers            ; 664            ;
;     -- I/O registers                        ; 0              ;
;                                             ;                ;
; I/O pins                                    ; 38             ;
;                                             ;                ;
; Embedded Multiplier 9-bit elements          ; 0              ;
;                                             ;                ;
; Maximum fan-out node                        ; CLOCK_50~input ;
; Maximum fan-out                             ; 664            ;
; Total fan-out                               ; 9549           ;
; Average fan-out                             ; 3.08           ;
+---------------------------------------------+----------------+


+-------------------------------------------------------------------------------------------------------------------------------------------------------------------------------------------------------------------------------------------------------------------------------------------------------------------------------+
; Analysis & Synthesis Resource Utilization by Entity                                                                                                                                                                                                                                                                           ;
+-------------------------------------------+---------------------+---------------------------+-------------+--------------+---------+-----------+------+--------------+-------------------------------------------------------------------------------------------------------------------+---------------------+--------------+
; Compilation Hierarchy Node                ; Combinational ALUTs ; Dedicated Logic Registers ; Memory Bits ; DSP Elements ; DSP 9x9 ; DSP 18x18 ; Pins ; Virtual Pins ; Full Hierarchy Name                                                                                               ; Entity Name         ; Library Name ;
+-------------------------------------------+---------------------+---------------------------+-------------+--------------+---------+-----------+------+--------------+-------------------------------------------------------------------------------------------------------------------+---------------------+--------------+
; |top_xtea_ps2_lcd                         ; 2359 (576)          ; 664 (412)                 ; 0           ; 0            ; 0       ; 0         ; 38   ; 0            ; |top_xtea_ps2_lcd                                                                                                 ; top_xtea_ps2_lcd    ; work         ;
;    |ascii_hex_nibble:ah|                  ; 13 (13)             ; 0 (0)                     ; 0           ; 0            ; 0       ; 0         ; 0    ; 0            ; |top_xtea_ps2_lcd|ascii_hex_nibble:ah                                                                             ; ascii_hex_nibble    ; work         ;
;    |hex64_to_ascii16:fmt|                 ; 144 (0)             ; 0 (0)                     ; 0           ; 0            ; 0       ; 0         ; 0    ; 0            ; |top_xtea_ps2_lcd|hex64_to_ascii16:fmt                                                                            ; hex64_to_ascii16    ; work         ;
;       |hex_nibble_to_ascii:nibs[0].conv|  ; 9 (9)               ; 0 (0)                     ; 0           ; 0            ; 0       ; 0         ; 0    ; 0            ; |top_xtea_ps2_lcd|hex64_to_ascii16:fmt|hex_nibble_to_ascii:nibs[0].conv                                           ; hex_nibble_to_ascii ; work         ;
;       |hex_nibble_to_ascii:nibs[10].conv| ; 9 (9)               ; 0 (0)                     ; 0           ; 0            ; 0       ; 0         ; 0    ; 0            ; |top_xtea_ps2_lcd|hex64_to_ascii16:fmt|hex_nibble_to_ascii:nibs[10].conv                                          ; hex_nibble_to_ascii ; work         ;
;       |hex_nibble_to_ascii:nibs[11].conv| ; 9 (9)               ; 0 (0)                     ; 0           ; 0            ; 0       ; 0         ; 0    ; 0            ; |top_xtea_ps2_lcd|hex64_to_ascii16:fmt|hex_nibble_to_ascii:nibs[11].conv                                          ; hex_nibble_to_ascii ; work         ;
;       |hex_nibble_to_ascii:nibs[12].conv| ; 9 (9)               ; 0 (0)                     ; 0           ; 0            ; 0       ; 0         ; 0    ; 0            ; |top_xtea_ps2_lcd|hex64_to_ascii16:fmt|hex_nibble_to_ascii:nibs[12].conv                                          ; hex_nibble_to_ascii ; work         ;
;       |hex_nibble_to_ascii:nibs[13].conv| ; 9 (9)               ; 0 (0)                     ; 0           ; 0            ; 0       ; 0         ; 0    ; 0            ; |top_xtea_ps2_lcd|hex64_to_ascii16:fmt|hex_nibble_to_ascii:nibs[13].conv                                          ; hex_nibble_to_ascii ; work         ;
;       |hex_nibble_to_ascii:nibs[14].conv| ; 9 (9)               ; 0 (0)                     ; 0           ; 0            ; 0       ; 0         ; 0    ; 0            ; |top_xtea_ps2_lcd|hex64_to_ascii16:fmt|hex_nibble_to_ascii:nibs[14].conv                                          ; hex_nibble_to_ascii ; work         ;
;       |hex_nibble_to_ascii:nibs[15].conv| ; 9 (9)               ; 0 (0)                     ; 0           ; 0            ; 0       ; 0         ; 0    ; 0            ; |top_xtea_ps2_lcd|hex64_to_ascii16:fmt|hex_nibble_to_ascii:nibs[15].conv                                          ; hex_nibble_to_ascii ; work         ;
;       |hex_nibble_to_ascii:nibs[1].conv|  ; 9 (9)               ; 0 (0)                     ; 0           ; 0            ; 0       ; 0         ; 0    ; 0            ; |top_xtea_ps2_lcd|hex64_to_ascii16:fmt|hex_nibble_to_ascii:nibs[1].conv                                           ; hex_nibble_to_ascii ; work         ;
;       |hex_nibble_to_ascii:nibs[2].conv|  ; 9 (9)               ; 0 (0)                     ; 0           ; 0            ; 0       ; 0         ; 0    ; 0            ; |top_xtea_ps2_lcd|hex64_to_ascii16:fmt|hex_nibble_to_ascii:nibs[2].conv                                           ; hex_nibble_to_ascii ; work         ;
;       |hex_nibble_to_ascii:nibs[3].conv|  ; 9 (9)               ; 0 (0)                     ; 0           ; 0            ; 0       ; 0         ; 0    ; 0            ; |top_xtea_ps2_lcd|hex64_to_ascii16:fmt|hex_nibble_to_ascii:nibs[3].conv                                           ; hex_nibble_to_ascii ; work         ;
;       |hex_nibble_to_ascii:nibs[4].conv|  ; 9 (9)               ; 0 (0)                     ; 0           ; 0            ; 0       ; 0         ; 0    ; 0            ; |top_xtea_ps2_lcd|hex64_to_ascii16:fmt|hex_nibble_to_ascii:nibs[4].conv                                           ; hex_nibble_to_ascii ; work         ;
;       |hex_nibble_to_ascii:nibs[5].conv|  ; 9 (9)               ; 0 (0)                     ; 0           ; 0            ; 0       ; 0         ; 0    ; 0            ; |top_xtea_ps2_lcd|hex64_to_ascii16:fmt|hex_nibble_to_ascii:nibs[5].conv                                           ; hex_nibble_to_ascii ; work         ;
;       |hex_nibble_to_ascii:nibs[6].conv|  ; 9 (9)               ; 0 (0)                     ; 0           ; 0            ; 0       ; 0         ; 0    ; 0            ; |top_xtea_ps2_lcd|hex64_to_ascii16:fmt|hex_nibble_to_ascii:nibs[6].conv                                           ; hex_nibble_to_ascii ; work         ;
;       |hex_nibble_to_ascii:nibs[7].conv|  ; 9 (9)               ; 0 (0)                     ; 0           ; 0            ; 0       ; 0         ; 0    ; 0            ; |top_xtea_ps2_lcd|hex64_to_ascii16:fmt|hex_nibble_to_ascii:nibs[7].conv                                           ; hex_nibble_to_ascii ; work         ;
;       |hex_nibble_to_ascii:nibs[8].conv|  ; 9 (9)               ; 0 (0)                     ; 0           ; 0            ; 0       ; 0         ; 0    ; 0            ; |top_xtea_ps2_lcd|hex64_to_ascii16:fmt|hex_nibble_to_ascii:nibs[8].conv                                           ; hex_nibble_to_ascii ; work         ;
;       |hex_nibble_to_ascii:nibs[9].conv|  ; 9 (9)               ; 0 (0)                     ; 0           ; 0            ; 0       ; 0         ; 0    ; 0            ; |top_xtea_ps2_lcd|hex64_to_ascii16:fmt|hex_nibble_to_ascii:nibs[9].conv                                           ; hex_nibble_to_ascii ; work         ;
;    |lcd_text:lcd|                         ; 232 (232)           ; 46 (46)                   ; 0           ; 0            ; 0       ; 0         ; 0    ; 0            ; |top_xtea_ps2_lcd|lcd_text:lcd                                                                                    ; lcd_text            ; work         ;
;    |lpm_divide:Div0|                      ; 30 (0)              ; 0 (0)                     ; 0           ; 0            ; 0       ; 0         ; 0    ; 0            ; |top_xtea_ps2_lcd|lpm_divide:Div0                                                                                 ; lpm_divide          ; work         ;
;       |lpm_divide_hhm:auto_generated|     ; 30 (0)              ; 0 (0)                     ; 0           ; 0            ; 0       ; 0         ; 0    ; 0            ; |top_xtea_ps2_lcd|lpm_divide:Div0|lpm_divide_hhm:auto_generated                                                   ; lpm_divide_hhm      ; work         ;
;          |sign_div_unsign_9kh:divider|    ; 30 (0)              ; 0 (0)                     ; 0           ; 0            ; 0       ; 0         ; 0    ; 0            ; |top_xtea_ps2_lcd|lpm_divide:Div0|lpm_divide_hhm:auto_generated|sign_div_unsign_9kh:divider                       ; sign_div_unsign_9kh ; work         ;
;             |alt_u_div_64f:divider|       ; 30 (30)             ; 0 (0)                     ; 0           ; 0            ; 0       ; 0         ; 0    ; 0            ; |top_xtea_ps2_lcd|lpm_divide:Div0|lpm_divide_hhm:auto_generated|sign_div_unsign_9kh:divider|alt_u_div_64f:divider ; alt_u_div_64f       ; work         ;
;    |lpm_divide:Div1|                      ; 4 (0)               ; 0 (0)                     ; 0           ; 0            ; 0       ; 0         ; 0    ; 0            ; |top_xtea_ps2_lcd|lpm_divide:Div1                                                                                 ; lpm_divide          ; work         ;
;       |lpm_divide_fhm:auto_generated|     ; 4 (0)               ; 0 (0)                     ; 0           ; 0            ; 0       ; 0         ; 0    ; 0            ; |top_xtea_ps2_lcd|lpm_divide:Div1|lpm_divide_fhm:auto_generated                                                   ; lpm_divide_fhm      ; work         ;
;          |sign_div_unsign_7kh:divider|    ; 4 (0)               ; 0 (0)                     ; 0           ; 0            ; 0       ; 0         ; 0    ; 0            ; |top_xtea_ps2_lcd|lpm_divide:Div1|lpm_divide_fhm:auto_generated|sign_div_unsign_7kh:divider                       ; sign_div_unsign_7kh ; work         ;
;             |alt_u_div_24f:divider|       ; 4 (4)               ; 0 (0)                     ; 0           ; 0            ; 0       ; 0         ; 0    ; 0            ; |top_xtea_ps2_lcd|lpm_divide:Div1|lpm_divide_fhm:auto_generated|sign_div_unsign_7kh:divider|alt_u_div_24f:divider ; alt_u_div_24f       ; work         ;
;    |lpm_divide:Div2|                      ; 17 (0)              ; 0 (0)                     ; 0           ; 0            ; 0       ; 0         ; 0    ; 0            ; |top_xtea_ps2_lcd|lpm_divide:Div2                                                                                 ; lpm_divide          ; work         ;
;       |lpm_divide_ghm:auto_generated|     ; 17 (0)              ; 0 (0)                     ; 0           ; 0            ; 0       ; 0         ; 0    ; 0            ; |top_xtea_ps2_lcd|lpm_divide:Div2|lpm_divide_ghm:auto_generated                                                   ; lpm_divide_ghm      ; work         ;
;          |sign_div_unsign_8kh:divider|    ; 17 (0)              ; 0 (0)                     ; 0           ; 0            ; 0       ; 0         ; 0    ; 0            ; |top_xtea_ps2_lcd|lpm_divide:Div2|lpm_divide_ghm:auto_generated|sign_div_unsign_8kh:divider                       ; sign_div_unsign_8kh ; work         ;
;             |alt_u_div_44f:divider|       ; 17 (17)             ; 0 (0)                     ; 0           ; 0            ; 0       ; 0         ; 0    ; 0            ; |top_xtea_ps2_lcd|lpm_divide:Div2|lpm_divide_ghm:auto_generated|sign_div_unsign_8kh:divider|alt_u_div_44f:divider ; alt_u_div_44f       ; work         ;
;    |lpm_divide:Mod0|                      ; 30 (0)              ; 0 (0)                     ; 0           ; 0            ; 0       ; 0         ; 0    ; 0            ; |top_xtea_ps2_lcd|lpm_divide:Mod0                                                                                 ; lpm_divide          ; work         ;
;       |lpm_divide_k9m:auto_generated|     ; 30 (0)              ; 0 (0)                     ; 0           ; 0            ; 0       ; 0         ; 0    ; 0            ; |top_xtea_ps2_lcd|lpm_divide:Mod0|lpm_divide_k9m:auto_generated                                                   ; lpm_divide_k9m      ; work         ;
;          |sign_div_unsign_9kh:divider|    ; 30 (0)              ; 0 (0)                     ; 0           ; 0            ; 0       ; 0         ; 0    ; 0            ; |top_xtea_ps2_lcd|lpm_divide:Mod0|lpm_divide_k9m:auto_generated|sign_div_unsign_9kh:divider                       ; sign_div_unsign_9kh ; work         ;
;             |alt_u_div_64f:divider|       ; 30 (30)             ; 0 (0)                     ; 0           ; 0            ; 0       ; 0         ; 0    ; 0            ; |top_xtea_ps2_lcd|lpm_divide:Mod0|lpm_divide_k9m:auto_generated|sign_div_unsign_9kh:divider|alt_u_div_64f:divider ; alt_u_div_64f       ; work         ;
;    |lpm_divide:Mod1|                      ; 4 (0)               ; 0 (0)                     ; 0           ; 0            ; 0       ; 0         ; 0    ; 0            ; |top_xtea_ps2_lcd|lpm_divide:Mod1                                                                                 ; lpm_divide          ; work         ;
;       |lpm_divide_i9m:auto_generated|     ; 4 (0)               ; 0 (0)                     ; 0           ; 0            ; 0       ; 0         ; 0    ; 0            ; |top_xtea_ps2_lcd|lpm_divide:Mod1|lpm_divide_i9m:auto_generated                                                   ; lpm_divide_i9m      ; work         ;
;          |sign_div_unsign_7kh:divider|    ; 4 (0)               ; 0 (0)                     ; 0           ; 0            ; 0       ; 0         ; 0    ; 0            ; |top_xtea_ps2_lcd|lpm_divide:Mod1|lpm_divide_i9m:auto_generated|sign_div_unsign_7kh:divider                       ; sign_div_unsign_7kh ; work         ;
;             |alt_u_div_24f:divider|       ; 4 (4)               ; 0 (0)                     ; 0           ; 0            ; 0       ; 0         ; 0    ; 0            ; |top_xtea_ps2_lcd|lpm_divide:Mod1|lpm_divide_i9m:auto_generated|sign_div_unsign_7kh:divider|alt_u_div_24f:divider ; alt_u_div_24f       ; work         ;
;    |lpm_divide:Mod2|                      ; 17 (0)              ; 0 (0)                     ; 0           ; 0            ; 0       ; 0         ; 0    ; 0            ; |top_xtea_ps2_lcd|lpm_divide:Mod2                                                                                 ; lpm_divide          ; work         ;
;       |lpm_divide_j9m:auto_generated|     ; 17 (0)              ; 0 (0)                     ; 0           ; 0            ; 0       ; 0         ; 0    ; 0            ; |top_xtea_ps2_lcd|lpm_divide:Mod2|lpm_divide_j9m:auto_generated                                                   ; lpm_divide_j9m      ; work         ;
;          |sign_div_unsign_8kh:divider|    ; 17 (0)              ; 0 (0)                     ; 0           ; 0            ; 0       ; 0         ; 0    ; 0            ; |top_xtea_ps2_lcd|lpm_divide:Mod2|lpm_divide_j9m:auto_generated|sign_div_unsign_8kh:divider                       ; sign_div_unsign_8kh ; work         ;
;             |alt_u_div_44f:divider|       ; 17 (17)             ; 0 (0)                     ; 0           ; 0            ; 0       ; 0         ; 0    ; 0            ; |top_xtea_ps2_lcd|lpm_divide:Mod2|lpm_divide_j9m:auto_generated|sign_div_unsign_8kh:divider|alt_u_div_44f:divider ; alt_u_div_44f       ; work         ;
;    |ps2_keyboard:kbd|                     ; 115 (115)           ; 37 (37)                   ; 0           ; 0            ; 0       ; 0         ; 0    ; 0            ; |top_xtea_ps2_lcd|ps2_keyboard:kbd                                                                                ; ps2_keyboard        ; work         ;
;    |xtea_core:core|                       ; 1177 (1177)         ; 169 (169)                 ; 0           ; 0            ; 0       ; 0         ; 0    ; 0            ; |top_xtea_ps2_lcd|xtea_core:core                                                                                  ; xtea_core           ; work         ;
+-------------------------------------------+---------------------+---------------------------+-------------+--------------+---------+-----------+------+--------------+-------------------------------------------------------------------------------------------------------------------+---------------------+--------------+
Note: For table entries with two numbers listed, the numbers in parentheses indicate the number of resources of the given type used by the specific entity alone. The numbers listed outside of parentheses indicate the total resources of the given type used by the specific entity and all of its sub-entities in the hierarchy.


Encoding Type:  One-Hot
+--------------------------------------------------------------------+
; State Machine - |top_xtea_ps2_lcd|lcd_text:lcd|phase               ;
+-----------------+----------------+---------------+-----------------+
; Name            ; phase.PH_SETUP ; phase.PH_ELOW ; phase.PH_EPULSE ;
+-----------------+----------------+---------------+-----------------+
; phase.PH_SETUP  ; 0              ; 0             ; 0               ;
; phase.PH_EPULSE ; 1              ; 0             ; 1               ;
; phase.PH_ELOW   ; 1              ; 1             ; 0               ;
+-----------------+----------------+---------------+-----------------+


Encoding Type:  One-Hot
+---------------------------------------------------------------------------------------------------------------------------------------------------------+
; State Machine - |top_xtea_ps2_lcd|lcd_text:lcd|state                                                                                                    ;
+---------------+---------------+--------------+---------------+---------------+-------------+--------------+--------------+---------------+--------------+
; Name          ; state.S_ADDR2 ; state.S_WRL1 ; state.S_ADDR1 ; state.S_ENTRY ; state.S_CLR ; state.S_DISP ; state.S_FUNC ; state.S_PWRON ; state.S_WRL2 ;
+---------------+---------------+--------------+---------------+---------------+-------------+--------------+--------------+---------------+--------------+
; state.S_PWRON ; 0             ; 0            ; 0             ; 0             ; 0           ; 0            ; 0            ; 0             ; 0            ;
; state.S_FUNC  ; 0             ; 0            ; 0             ; 0             ; 0           ; 0            ; 1            ; 1             ; 0            ;
; state.S_DISP  ; 0             ; 0            ; 0             ; 0             ; 0           ; 1            ; 0            ; 1             ; 0            ;
; state.S_CLR   ; 0             ; 0            ; 0             ; 0             ; 1           ; 0            ; 0            ; 1             ; 0            ;
; state.S_ENTRY ; 0             ; 0            ; 0             ; 1             ; 0           ; 0            ; 0            ; 1             ; 0            ;
; state.S_ADDR1 ; 0             ; 0            ; 1             ; 0             ; 0           ; 0            ; 0            ; 1             ; 0            ;
; state.S_WRL1  ; 0             ; 1            ; 0             ; 0             ; 0           ; 0            ; 0            ; 1             ; 0            ;
; state.S_ADDR2 ; 1             ; 0            ; 0             ; 0             ; 0           ; 0            ; 0            ; 1             ; 0            ;
; state.S_WRL2  ; 0             ; 0            ; 0             ; 0             ; 0           ; 0            ; 0            ; 1             ; 1            ;
+---------------+---------------+--------------+---------------+---------------+-------------+--------------+--------------+---------------+--------------+


Encoding Type:  One-Hot
+----------------------------------------------------------+
; State Machine - |top_xtea_ps2_lcd|xtea_core:core|state   ;
+--------------+--------------+--------------+-------------+
; Name         ; state.S_IDLE ; state.S_DONE ; state.S_RUN ;
+--------------+--------------+--------------+-------------+
; state.S_IDLE ; 0            ; 0            ; 0           ;
; state.S_RUN  ; 1            ; 0            ; 1           ;
; state.S_DONE ; 1            ; 1            ; 0           ;
+--------------+--------------+--------------+-------------+


+---------------------------------------------------------------------------------------------------------+
; User-Specified and Inferred Latches                                                                     ;
+----------------------------------------------------+---------------------------+------------------------+
; Latch Name                                         ; Latch Enable Signal       ; Free of Timing Hazards ;
+----------------------------------------------------+---------------------------+------------------------+
; ascii_hex_nibble:ah|h[0]                           ; ascii_hex_nibble:ah|valid ; yes                    ;
; ascii_hex_nibble:ah|h[3]                           ; ascii_hex_nibble:ah|valid ; yes                    ;
; ascii_hex_nibble:ah|h[1]                           ; ascii_hex_nibble:ah|valid ; yes                    ;
; ascii_hex_nibble:ah|h[2]                           ; ascii_hex_nibble:ah|valid ; yes                    ;
; Number of user-specified and inferred latches = 4  ;                           ;                        ;
+----------------------------------------------------+---------------------------+------------------------+
Note: All latches listed above may not be present at the end of synthesis due to various synthesis optimizations.


+----------------------------------------------------------------------------------------------------+
; Registers Removed During Synthesis                                                                 ;
+-----------------------------------------------------------+----------------------------------------+
; Register name                                             ; Reason for Removal                     ;
+-----------------------------------------------------------+----------------------------------------+
; l1[0..4]                                                  ; Stuck at GND due to stuck port data_in ;
; l1[5]                                                     ; Stuck at VCC due to stuck port data_in ;
; l1[6,7,11,15,18,19,23..28]                                ; Stuck at GND due to stuck port data_in ;
; l1[29]                                                    ; Stuck at VCC due to stuck port data_in ;
; l1[30,31,39,47,49,50,55,63,71,79,87,95,97,98,100,103,109] ; Stuck at GND due to stuck port data_in ;
; l1[110]                                                   ; Stuck at VCC due to stuck port data_in ;
; l1[111,117]                                               ; Stuck at GND due to stuck port data_in ;
; l1[118]                                                   ; Stuck at VCC due to stuck port data_in ;
; l1[119,122,125]                                           ; Stuck at GND due to stuck port data_in ;
; l1[126]                                                   ; Stuck at VCC due to stuck port data_in ;
; l1[127]                                                   ; Stuck at GND due to stuck port data_in ;
; lcd_text:lcd|LCD_ON                                       ; Stuck at VCC due to stuck port data_in ;
; ps2_keyboard:kbd|ascii[7]                                 ; Stuck at GND due to stuck port data_in ;
; l1[9,10,12,14,16,17,20,22,41,42,44]                       ; Merged with l1[8]                      ;
; l1[21]                                                    ; Merged with l1[13]                     ;
; l1[53,54,57,61,62,68..70,77,78,85,86,106,124]             ; Merged with l1[48]                     ;
; l1[52,96,102,116]                                         ; Merged with l1[51]                     ;
; l1[59,76,94,99,113]                                       ; Merged with l1[56]                     ;
; l1[92,101,107]                                            ; Merged with l1[60]                     ;
; l1[93,114]                                                ; Merged with l1[84]                     ;
; xtea_core:core|round[0]                                   ; Merged with xtea_core:core|sum[0]      ;
; lcd_text:lcd|state~11                                     ; Lost fanout                            ;
; lcd_text:lcd|state~12                                     ; Lost fanout                            ;
; lcd_text:lcd|state~13                                     ; Lost fanout                            ;
; l1[74]                                                    ; Merged with l1[56]                     ;
; l1[75]                                                    ; Merged with l1[73]                     ;
; l1[84]                                                    ; Merged with l1[56]                     ;
; l1[13]                                                    ; Merged with l1[8]                      ;
; l1[46]                                                    ; Merged with l1[45]                     ;
; Total Number of Removed Registers = 96                    ;                                        ;
+-----------------------------------------------------------+----------------------------------------+


+------------------------------------------------------+
; General Register Statistics                          ;
+----------------------------------------------+-------+
; Statistic                                    ; Value ;
+----------------------------------------------+-------+
; Total registers                              ; 664   ;
; Number of registers using Synchronous Clear  ; 263   ;
; Number of registers using Synchronous Load   ; 90    ;
; Number of registers using Asynchronous Clear ; 0     ;
; Number of registers using Asynchronous Load  ; 0     ;
; Number of registers using Clock Enable       ; 421   ;
; Number of registers using Preset             ; 0     ;
+----------------------------------------------+-------+


+---------------------------------------------------------------------------------------------------------------------------------------------------------------+
; Multiplexer Restructuring Statistics (Restructuring Performed)                                                                                                ;
+--------------------+-----------+---------------+----------------------+------------------------+------------+-------------------------------------------------+
; Multiplexer Inputs ; Bus Width ; Baseline Area ; Area if Restructured ; Saving if Restructured ; Registered ; Example Multiplexer Output                      ;
+--------------------+-----------+---------------+----------------------+------------------------+------------+-------------------------------------------------+
; 3:1                ; 4 bits    ; 8 LEs         ; 8 LEs                ; 0 LEs                  ; Yes        ; |top_xtea_ps2_lcd|lcd_text:lcd|cnt[0]           ;
; 3:1                ; 2 bits    ; 4 LEs         ; 4 LEs                ; 0 LEs                  ; Yes        ; |top_xtea_ps2_lcd|l1[115]                       ;
; 3:1                ; 4 bits    ; 8 LEs         ; 8 LEs                ; 0 LEs                  ; Yes        ; |top_xtea_ps2_lcd|l1[46]                        ;
; 3:1                ; 2 bits    ; 4 LEs         ; 4 LEs                ; 0 LEs                  ; Yes        ; |top_xtea_ps2_lcd|l1[120]                       ;
; 3:1                ; 4 bits    ; 8 LEs         ; 4 LEs                ; 4 LEs                  ; Yes        ; |top_xtea_ps2_lcd|l2[126]                       ;
; 3:1                ; 4 bits    ; 8 LEs         ; 8 LEs                ; 0 LEs                  ; Yes        ; |top_xtea_ps2_lcd|l2[121]                       ;
; 3:1                ; 4 bits    ; 8 LEs         ; 4 LEs                ; 4 LEs                  ; Yes        ; |top_xtea_ps2_lcd|l2[117]                       ;
; 3:1                ; 4 bits    ; 8 LEs         ; 8 LEs                ; 0 LEs                  ; Yes        ; |top_xtea_ps2_lcd|l2[115]                       ;
; 3:1                ; 4 bits    ; 8 LEs         ; 4 LEs                ; 4 LEs                  ; Yes        ; |top_xtea_ps2_lcd|l2[108]                       ;
; 3:1                ; 4 bits    ; 8 LEs         ; 8 LEs                ; 0 LEs                  ; Yes        ; |top_xtea_ps2_lcd|l2[107]                       ;
; 3:1                ; 4 bits    ; 8 LEs         ; 4 LEs                ; 4 LEs                  ; Yes        ; |top_xtea_ps2_lcd|l2[101]                       ;
; 3:1                ; 4 bits    ; 8 LEs         ; 8 LEs                ; 0 LEs                  ; Yes        ; |top_xtea_ps2_lcd|l2[99]                        ;
; 3:1                ; 4 bits    ; 8 LEs         ; 4 LEs                ; 4 LEs                  ; Yes        ; |top_xtea_ps2_lcd|l2[92]                        ;
; 3:1                ; 4 bits    ; 8 LEs         ; 8 LEs                ; 0 LEs                  ; Yes        ; |top_xtea_ps2_lcd|l2[91]                        ;
; 3:1                ; 4 bits    ; 8 LEs         ; 4 LEs                ; 4 LEs                  ; Yes        ; |top_xtea_ps2_lcd|l2[84]                        ;
; 3:1                ; 4 bits    ; 8 LEs         ; 8 LEs                ; 0 LEs                  ; Yes        ; |top_xtea_ps2_lcd|l2[83]                        ;
; 3:1                ; 4 bits    ; 8 LEs         ; 4 LEs                ; 4 LEs                  ; Yes        ; |top_xtea_ps2_lcd|l2[79]                        ;
; 3:1                ; 4 bits    ; 8 LEs         ; 8 LEs                ; 0 LEs                  ; Yes        ; |top_xtea_ps2_lcd|l2[75]                        ;
; 3:1                ; 4 bits    ; 8 LEs         ; 4 LEs                ; 4 LEs                  ; Yes        ; |top_xtea_ps2_lcd|l2[71]                        ;
; 3:1                ; 4 bits    ; 8 LEs         ; 8 LEs                ; 0 LEs                  ; Yes        ; |top_xtea_ps2_lcd|l2[64]                        ;
; 3:1                ; 4 bits    ; 8 LEs         ; 4 LEs                ; 4 LEs                  ; Yes        ; |top_xtea_ps2_lcd|l2[62]                        ;
; 3:1                ; 4 bits    ; 8 LEs         ; 8 LEs                ; 0 LEs                  ; Yes        ; |top_xtea_ps2_lcd|l2[57]                        ;
; 3:1                ; 4 bits    ; 8 LEs         ; 4 LEs                ; 4 LEs                  ; Yes        ; |top_xtea_ps2_lcd|l2[54]                        ;
; 3:1                ; 4 bits    ; 8 LEs         ; 8 LEs                ; 0 LEs                  ; Yes        ; |top_xtea_ps2_lcd|l2[50]                        ;
; 3:1                ; 4 bits    ; 8 LEs         ; 4 LEs                ; 4 LEs                  ; Yes        ; |top_xtea_ps2_lcd|l2[47]                        ;
; 3:1                ; 4 bits    ; 8 LEs         ; 8 LEs                ; 0 LEs                  ; Yes        ; |top_xtea_ps2_lcd|l2[43]                        ;
; 3:1                ; 4 bits    ; 8 LEs         ; 4 LEs                ; 4 LEs                  ; Yes        ; |top_xtea_ps2_lcd|l2[36]                        ;
; 3:1                ; 4 bits    ; 8 LEs         ; 8 LEs                ; 0 LEs                  ; Yes        ; |top_xtea_ps2_lcd|l2[32]                        ;
; 3:1                ; 4 bits    ; 8 LEs         ; 4 LEs                ; 4 LEs                  ; Yes        ; |top_xtea_ps2_lcd|l2[28]                        ;
; 3:1                ; 4 bits    ; 8 LEs         ; 8 LEs                ; 0 LEs                  ; Yes        ; |top_xtea_ps2_lcd|l2[26]                        ;
; 3:1                ; 4 bits    ; 8 LEs         ; 4 LEs                ; 4 LEs                  ; Yes        ; |top_xtea_ps2_lcd|l2[20]                        ;
; 3:1                ; 4 bits    ; 8 LEs         ; 8 LEs                ; 0 LEs                  ; Yes        ; |top_xtea_ps2_lcd|l2[16]                        ;
; 3:1                ; 4 bits    ; 8 LEs         ; 4 LEs                ; 4 LEs                  ; Yes        ; |top_xtea_ps2_lcd|l2[12]                        ;
; 3:1                ; 4 bits    ; 8 LEs         ; 8 LEs                ; 0 LEs                  ; Yes        ; |top_xtea_ps2_lcd|l2[11]                        ;
; 3:1                ; 4 bits    ; 8 LEs         ; 4 LEs                ; 4 LEs                  ; Yes        ; |top_xtea_ps2_lcd|l2[4]                         ;
; 3:1                ; 4 bits    ; 8 LEs         ; 8 LEs                ; 0 LEs                  ; Yes        ; |top_xtea_ps2_lcd|l2[3]                         ;
; 3:1                ; 64 bits   ; 128 LEs       ; 64 LEs               ; 64 LEs                 ; Yes        ; |top_xtea_ps2_lcd|xtea_core:core|block_out[42]  ;
; 4:1                ; 2 bits    ; 4 LEs         ; 4 LEs                ; 0 LEs                  ; Yes        ; |top_xtea_ps2_lcd|l1[43]                        ;
; 4:1                ; 4 bits    ; 8 LEs         ; 4 LEs                ; 4 LEs                  ; Yes        ; |top_xtea_ps2_lcd|ps2_keyboard:kbd|count[3]     ;
; 4:1                ; 3 bits    ; 6 LEs         ; 6 LEs                ; 0 LEs                  ; Yes        ; |top_xtea_ps2_lcd|l1[37]                        ;
; 4:1                ; 4 bits    ; 8 LEs         ; 8 LEs                ; 0 LEs                  ; Yes        ; |top_xtea_ps2_lcd|l1[33]                        ;
; 5:1                ; 7 bits    ; 21 LEs        ; 14 LEs               ; 7 LEs                  ; Yes        ; |top_xtea_ps2_lcd|l1[75]                        ;
; 5:1                ; 8 bits    ; 24 LEs        ; 16 LEs               ; 8 LEs                  ; Yes        ; |top_xtea_ps2_lcd|l1[91]                        ;
; 5:1                ; 3 bits    ; 9 LEs         ; 6 LEs                ; 3 LEs                  ; Yes        ; |top_xtea_ps2_lcd|lcd_text:lcd|cnt[1]           ;
; 5:1                ; 13 bits   ; 39 LEs        ; 26 LEs               ; 13 LEs                 ; Yes        ; |top_xtea_ps2_lcd|lcd_text:lcd|cnt[8]           ;
; 5:1                ; 5 bits    ; 15 LEs        ; 5 LEs                ; 10 LEs                 ; Yes        ; |top_xtea_ps2_lcd|xtea_core:core|round[5]       ;
; 5:1                ; 64 bits   ; 192 LEs       ; 128 LEs              ; 64 LEs                 ; Yes        ; |top_xtea_ps2_lcd|xtea_core:core|v1[0]          ;
; 6:1                ; 15 bits   ; 60 LEs        ; 30 LEs               ; 30 LEs                 ; Yes        ; |top_xtea_ps2_lcd|xtea_core:core|sum[6]         ;
; 6:1                ; 17 bits   ; 68 LEs        ; 34 LEs               ; 34 LEs                 ; Yes        ; |top_xtea_ps2_lcd|xtea_core:core|sum[31]        ;
; 8:1                ; 4 bits    ; 20 LEs        ; 4 LEs                ; 16 LEs                 ; Yes        ; |top_xtea_ps2_lcd|lcd_text:lcd|char_cnt[2]      ;
; 256:1              ; 7 bits    ; 1190 LEs      ; 224 LEs              ; 966 LEs                ; Yes        ; |top_xtea_ps2_lcd|ps2_keyboard:kbd|ascii[6]     ;
; 14:1               ; 3 bits    ; 27 LEs        ; 6 LEs                ; 21 LEs                 ; Yes        ; |top_xtea_ps2_lcd|blk_ascii_count[2]            ;
; 16:1               ; 5 bits    ; 50 LEs        ; 10 LEs               ; 40 LEs                 ; Yes        ; |top_xtea_ps2_lcd|blk_hex_count[4]              ;
; 16:1               ; 124 bits  ; 1240 LEs      ; 124 LEs              ; 1116 LEs               ; Yes        ; |top_xtea_ps2_lcd|key_buf[102]                  ;
; 16:1               ; 6 bits    ; 60 LEs        ; 12 LEs               ; 48 LEs                 ; Yes        ; |top_xtea_ps2_lcd|key_count[2]                  ;
; 16:1               ; 4 bits    ; 40 LEs        ; 8 LEs                ; 32 LEs                 ; Yes        ; |top_xtea_ps2_lcd|key_buf[3]                    ;
; 20:1               ; 4 bits    ; 52 LEs        ; 12 LEs               ; 40 LEs                 ; Yes        ; |top_xtea_ps2_lcd|block[0]                      ;
; 20:1               ; 3 bits    ; 39 LEs        ; 12 LEs               ; 27 LEs                 ; Yes        ; |top_xtea_ps2_lcd|block[4]                      ;
; 20:1               ; 56 bits   ; 728 LEs       ; 112 LEs              ; 616 LEs                ; Yes        ; |top_xtea_ps2_lcd|block[45]                     ;
; 4:1                ; 32 bits   ; 64 LEs        ; 64 LEs               ; 0 LEs                  ; No         ; |top_xtea_ps2_lcd|xtea_core:core|key_low[9]     ;
; 4:1                ; 32 bits   ; 64 LEs        ; 64 LEs               ; 0 LEs                  ; No         ; |top_xtea_ps2_lcd|xtea_core:core|key_high_d[16] ;
; 4:1                ; 32 bits   ; 64 LEs        ; 64 LEs               ; 0 LEs                  ; No         ; |top_xtea_ps2_lcd|xtea_core:core|key_low_d[21]  ;
; 4:1                ; 32 bits   ; 64 LEs        ; 64 LEs               ; 0 LEs                  ; No         ; |top_xtea_ps2_lcd|xtea_core:core|key_high[2]    ;
; 4:1                ; 8 bits    ; 16 LEs        ; 16 LEs               ; 0 LEs                  ; No         ; |top_xtea_ps2_lcd|lcd_text:lcd|state            ;
+--------------------+-----------+---------------+----------------------+------------------------+------------+-------------------------------------------------+


+------------------------------------------------------------------+
; Parameter Settings for Inferred Entity Instance: lpm_divide:Mod2 ;
+------------------------+----------------+------------------------+
; Parameter Name         ; Value          ; Type                   ;
+------------------------+----------------+------------------------+
; LPM_WIDTHN             ; 5              ; Untyped                ;
; LPM_WIDTHD             ; 4              ; Untyped                ;
; LPM_NREPRESENTATION    ; UNSIGNED       ; Untyped                ;
; LPM_DREPRESENTATION    ; UNSIGNED       ; Untyped                ;
; LPM_PIPELINE           ; 0              ; Untyped                ;
; LPM_REMAINDERPOSITIVE  ; TRUE           ; Untyped                ;
; MAXIMIZE_SPEED         ; 5              ; Untyped                ;
; CBXI_PARAMETER         ; lpm_divide_j9m ; Untyped                ;
; CARRY_CHAIN            ; MANUAL         ; Untyped                ;
; OPTIMIZE_FOR_SPEED     ; 5              ; Untyped                ;
; AUTO_CARRY_CHAINS      ; ON             ; AUTO_CARRY             ;
; IGNORE_CARRY_BUFFERS   ; OFF            ; IGNORE_CARRY           ;
; AUTO_CASCADE_CHAINS    ; ON             ; AUTO_CASCADE           ;
; IGNORE_CASCADE_BUFFERS ; OFF            ; IGNORE_CASCADE         ;
+------------------------+----------------+------------------------+
Note: In order to hide this table in the UI and the text report file, please set the "Show Parameter Settings in Synthesis Report" option in "Analysis and Synthesis Settings -> More Settings" to "Off".


+------------------------------------------------------------------+
; Parameter Settings for Inferred Entity Instance: lpm_divide:Mod0 ;
+------------------------+----------------+------------------------+
; Parameter Name         ; Value          ; Type                   ;
+------------------------+----------------+------------------------+
; LPM_WIDTHN             ; 6              ; Untyped                ;
; LPM_WIDTHD             ; 4              ; Untyped                ;
; LPM_NREPRESENTATION    ; UNSIGNED       ; Untyped                ;
; LPM_DREPRESENTATION    ; UNSIGNED       ; Untyped                ;
; LPM_PIPELINE           ; 0              ; Untyped                ;
; LPM_REMAINDERPOSITIVE  ; TRUE           ; Untyped                ;
; MAXIMIZE_SPEED         ; 5              ; Untyped                ;
; CBXI_PARAMETER         ; lpm_divide_k9m ; Untyped                ;
; CARRY_CHAIN            ; MANUAL         ; Untyped                ;
; OPTIMIZE_FOR_SPEED     ; 5              ; Untyped                ;
; AUTO_CARRY_CHAINS      ; ON             ; AUTO_CARRY             ;
; IGNORE_CARRY_BUFFERS   ; OFF            ; IGNORE_CARRY           ;
; AUTO_CASCADE_CHAINS    ; ON             ; AUTO_CASCADE           ;
; IGNORE_CASCADE_BUFFERS ; OFF            ; IGNORE_CASCADE         ;
+------------------------+----------------+------------------------+
Note: In order to hide this table in the UI and the text report file, please set the "Show Parameter Settings in Synthesis Report" option in "Analysis and Synthesis Settings -> More Settings" to "Off".


+------------------------------------------------------------------+
; Parameter Settings for Inferred Entity Instance: lpm_divide:Div1 ;
+------------------------+----------------+------------------------+
; Parameter Name         ; Value          ; Type                   ;
+------------------------+----------------+------------------------+
; LPM_WIDTHN             ; 4              ; Untyped                ;
; LPM_WIDTHD             ; 4              ; Untyped                ;
; LPM_NREPRESENTATION    ; UNSIGNED       ; Untyped                ;
; LPM_DREPRESENTATION    ; UNSIGNED       ; Untyped                ;
; LPM_PIPELINE           ; 0              ; Untyped                ;
; LPM_REMAINDERPOSITIVE  ; TRUE           ; Untyped                ;
; MAXIMIZE_SPEED         ; 5              ; Untyped                ;
; CBXI_PARAMETER         ; lpm_divide_fhm ; Untyped                ;
; CARRY_CHAIN            ; MANUAL         ; Untyped                ;
; OPTIMIZE_FOR_SPEED     ; 5              ; Untyped                ;
; AUTO_CARRY_CHAINS      ; ON             ; AUTO_CARRY             ;
; IGNORE_CARRY_BUFFERS   ; OFF            ; IGNORE_CARRY           ;
; AUTO_CASCADE_CHAINS    ; ON             ; AUTO_CASCADE           ;
; IGNORE_CASCADE_BUFFERS ; OFF            ; IGNORE_CASCADE         ;
+------------------------+----------------+------------------------+
Note: In order to hide this table in the UI and the text report file, please set the "Show Parameter Settings in Synthesis Report" option in "Analysis and Synthesis Settings -> More Settings" to "Off".


+------------------------------------------------------------------+
; Parameter Settings for Inferred Entity Instance: lpm_divide:Div2 ;
+------------------------+----------------+------------------------+
; Parameter Name         ; Value          ; Type                   ;
+------------------------+----------------+------------------------+
; LPM_WIDTHN             ; 5              ; Untyped                ;
; LPM_WIDTHD             ; 4              ; Untyped                ;
; LPM_NREPRESENTATION    ; UNSIGNED       ; Untyped                ;
; LPM_DREPRESENTATION    ; UNSIGNED       ; Untyped                ;
; LPM_PIPELINE           ; 0              ; Untyped                ;
; LPM_REMAINDERPOSITIVE  ; TRUE           ; Untyped                ;
; MAXIMIZE_SPEED         ; 5              ; Untyped                ;
; CBXI_PARAMETER         ; lpm_divide_ghm ; Untyped                ;
; CARRY_CHAIN            ; MANUAL         ; Untyped                ;
; OPTIMIZE_FOR_SPEED     ; 5              ; Untyped                ;
; AUTO_CARRY_CHAINS      ; ON             ; AUTO_CARRY             ;
; IGNORE_CARRY_BUFFERS   ; OFF            ; IGNORE_CARRY           ;
; AUTO_CASCADE_CHAINS    ; ON             ; AUTO_CASCADE           ;
; IGNORE_CASCADE_BUFFERS ; OFF            ; IGNORE_CASCADE         ;
+------------------------+----------------+------------------------+
Note: In order to hide this table in the UI and the text report file, please set the "Show Parameter Settings in Synthesis Report" option in "Analysis and Synthesis Settings -> More Settings" to "Off".


+------------------------------------------------------------------+
; Parameter Settings for Inferred Entity Instance: lpm_divide:Div0 ;
+------------------------+----------------+------------------------+
; Parameter Name         ; Value          ; Type                   ;
+------------------------+----------------+------------------------+
; LPM_WIDTHN             ; 6              ; Untyped                ;
; LPM_WIDTHD             ; 4              ; Untyped                ;
; LPM_NREPRESENTATION    ; UNSIGNED       ; Untyped                ;
; LPM_DREPRESENTATION    ; UNSIGNED       ; Untyped                ;
; LPM_PIPELINE           ; 0              ; Untyped                ;
; LPM_REMAINDERPOSITIVE  ; TRUE           ; Untyped                ;
; MAXIMIZE_SPEED         ; 5              ; Untyped                ;
; CBXI_PARAMETER         ; lpm_divide_hhm ; Untyped                ;
; CARRY_CHAIN            ; MANUAL         ; Untyped                ;
; OPTIMIZE_FOR_SPEED     ; 5              ; Untyped                ;
; AUTO_CARRY_CHAINS      ; ON             ; AUTO_CARRY             ;
; IGNORE_CARRY_BUFFERS   ; OFF            ; IGNORE_CARRY           ;
; AUTO_CASCADE_CHAINS    ; ON             ; AUTO_CASCADE           ;
; IGNORE_CASCADE_BUFFERS ; OFF            ; IGNORE_CASCADE         ;
+------------------------+----------------+------------------------+
Note: In order to hide this table in the UI and the text report file, please set the "Show Parameter Settings in Synthesis Report" option in "Analysis and Synthesis Settings -> More Settings" to "Off".


+------------------------------------------------------------------+
; Parameter Settings for Inferred Entity Instance: lpm_divide:Mod1 ;
+------------------------+----------------+------------------------+
; Parameter Name         ; Value          ; Type                   ;
+------------------------+----------------+------------------------+
; LPM_WIDTHN             ; 4              ; Untyped                ;
; LPM_WIDTHD             ; 4              ; Untyped                ;
; LPM_NREPRESENTATION    ; UNSIGNED       ; Untyped                ;
; LPM_DREPRESENTATION    ; UNSIGNED       ; Untyped                ;
; LPM_PIPELINE           ; 0              ; Untyped                ;
; LPM_REMAINDERPOSITIVE  ; TRUE           ; Untyped                ;
; MAXIMIZE_SPEED         ; 5              ; Untyped                ;
; CBXI_PARAMETER         ; lpm_divide_i9m ; Untyped                ;
; CARRY_CHAIN            ; MANUAL         ; Untyped                ;
; OPTIMIZE_FOR_SPEED     ; 5              ; Untyped                ;
; AUTO_CARRY_CHAINS      ; ON             ; AUTO_CARRY             ;
; IGNORE_CARRY_BUFFERS   ; OFF            ; IGNORE_CARRY           ;
; AUTO_CASCADE_CHAINS    ; ON             ; AUTO_CASCADE           ;
; IGNORE_CASCADE_BUFFERS ; OFF            ; IGNORE_CASCADE         ;
+------------------------+----------------+------------------------+
Note: In order to hide this table in the UI and the text report file, please set the "Show Parameter Settings in Synthesis Report" option in "Analysis and Synthesis Settings -> More Settings" to "Off".


+-----------------------------------------------------+
; Post-Synthesis Netlist Statistics for Top Partition ;
+-----------------------+-----------------------------+
; Type                  ; Count                       ;
+-----------------------+-----------------------------+
; boundary_port         ; 38                          ;
; cycloneiii_ff         ; 664                         ;
;     ENA               ; 249                         ;
;     ENA SCLR          ; 92                          ;
;     ENA SCLR SLD      ; 73                          ;
;     ENA SLD           ; 7                           ;
;     SCLR              ; 96                          ;
;     SCLR SLD          ; 2                           ;
;     SLD               ; 8                           ;
;     plain             ; 137                         ;
; cycloneiii_lcell_comb ; 2360                        ;
;     arith             ; 669                         ;
;         2 data inputs ; 154                         ;
;         3 data inputs ; 515                         ;
;     normal            ; 1691                        ;
;         0 data inputs ; 14                          ;
;         1 data inputs ; 14                          ;
;         2 data inputs ; 489                         ;
;         3 data inputs ; 224                         ;
;         4 data inputs ; 950                         ;
;                       ;                             ;
; Max LUT depth         ; 13.60                       ;
; Average LUT depth     ; 7.79                        ;
+-----------------------+-----------------------------+


+-------------------------------+
; Elapsed Time Per Partition    ;
+----------------+--------------+
; Partition Name ; Elapsed Time ;
+----------------+--------------+
; Top            ; 00:00:03     ;
+----------------+--------------+


+-------------------------------+
; Analysis & Synthesis Messages ;
+-------------------------------+
Info: *******************************************************************
Info: Running Quartus Prime Analysis & Synthesis
    Info: Version 20.1.1 Build 720 11/11/2020 SJ Lite Edition
    Info: Processing started: Wed Apr 29 21:58:13 2026
Info: Command: quartus_map --read_settings_files=on --write_settings_files=off XTEA_proj -c XTEA_proj
Warning (18236): Number of processors has not been specified which may cause overloading on shared machines.  Set the global assignment NUM_PARALLEL_PROCESSORS in your QSF to an appropriate value for best performance.
Info (20030): Parallel compilation is enabled and will use 12 of the 12 processors detected
Info (12021): Found 1 design units, including 1 entities, in source file student_xtea_ps2_ascii/xtea_core.v
    Info (12023): Found entity 1: xtea_core File: C:/Users/boysa.CALEB-DESKTOP/Desktop/XTEA-Implementation-FPGA/student_xtea_ps2_ascii/xtea_core.v Line: 7
Info (12021): Found 1 design units, including 1 entities, in source file student_xtea_ps2_ascii/top_xtea_ps2_lcd.v
    Info (12023): Found entity 1: top_xtea_ps2_lcd File: C:/Users/boysa.CALEB-DESKTOP/Desktop/XTEA-Implementation-FPGA/student_xtea_ps2_ascii/top_xtea_ps2_lcd.v Line: 13
Info (12021): Found 1 design units, including 1 entities, in source file student_xtea_ps2_ascii/tb_xtea_core.v
    Info (12023): Found entity 1: tb_xtea_core File: C:/Users/boysa.CALEB-DESKTOP/Desktop/XTEA-Implementation-FPGA/student_xtea_ps2_ascii/tb_xtea_core.v Line: 3
Info (12021): Found 1 design units, including 1 entities, in source file student_xtea_ps2_ascii/ps2_keyboard.v
    Info (12023): Found entity 1: ps2_keyboard File: C:/Users/boysa.CALEB-DESKTOP/Desktop/XTEA-Implementation-FPGA/student_xtea_ps2_ascii/ps2_keyboard.v Line: 18
Info (12021): Found 1 design units, including 1 entities, in source file student_xtea_ps2_ascii/lcd_text.v
    Info (12023): Found entity 1: lcd_text File: C:/Users/boysa.CALEB-DESKTOP/Desktop/XTEA-Implementation-FPGA/student_xtea_ps2_ascii/lcd_text.v Line: 15
Info (12021): Found 1 design units, including 1 entities, in source file student_xtea_ps2_ascii/hex64_to_ascii16.v
    Info (12023): Found entity 1: hex64_to_ascii16 File: C:/Users/boysa.CALEB-DESKTOP/Desktop/XTEA-Implementation-FPGA/student_xtea_ps2_ascii/hex64_to_ascii16.v Line: 2
Info (12021): Found 2 design units, including 2 entities, in source file student_xtea_ps2_ascii/hex_ascii.v
    Info (12023): Found entity 1: hex_nibble_to_ascii File: C:/Users/boysa.CALEB-DESKTOP/Desktop/XTEA-Implementation-FPGA/student_xtea_ps2_ascii/hex_ascii.v Line: 2
    Info (12023): Found entity 2: ascii_hex_nibble File: C:/Users/boysa.CALEB-DESKTOP/Desktop/XTEA-Implementation-FPGA/student_xtea_ps2_ascii/hex_ascii.v Line: 6
Info (12127): Elaborating entity "top_xtea_ps2_lcd" for the top level hierarchy
Info (12128): Elaborating entity "ps2_keyboard" for hierarchy "ps2_keyboard:kbd" File: C:/Users/boysa.CALEB-DESKTOP/Desktop/XTEA-Implementation-FPGA/student_xtea_ps2_ascii/top_xtea_ps2_lcd.v Line: 41
Info (12128): Elaborating entity "ascii_hex_nibble" for hierarchy "ascii_hex_nibble:ah" File: C:/Users/boysa.CALEB-DESKTOP/Desktop/XTEA-Implementation-FPGA/student_xtea_ps2_ascii/top_xtea_ps2_lcd.v Line: 45
Warning (10230): Verilog HDL assignment warning at hex_ascii.v(9): truncated value with size 8 to match size of target (4) File: C:/Users/boysa.CALEB-DESKTOP/Desktop/XTEA-Implementation-FPGA/student_xtea_ps2_ascii/hex_ascii.v Line: 9
Warning (10230): Verilog HDL assignment warning at hex_ascii.v(10): truncated value with size 8 to match size of target (4) File: C:/Users/boysa.CALEB-DESKTOP/Desktop/XTEA-Implementation-FPGA/student_xtea_ps2_ascii/hex_ascii.v Line: 10
Warning (10230): Verilog HDL assignment warning at hex_ascii.v(11): truncated value with size 8 to match size of target (4) File: C:/Users/boysa.CALEB-DESKTOP/Desktop/XTEA-Implementation-FPGA/student_xtea_ps2_ascii/hex_ascii.v Line: 11
Warning (10240): Verilog HDL Always Construct warning at hex_ascii.v(8): inferring latch(es) for variable "h", which holds its previous value in one or more paths through the always construct File: C:/Users/boysa.CALEB-DESKTOP/Desktop/XTEA-Implementation-FPGA/student_xtea_ps2_ascii/hex_ascii.v Line: 8
Info (10041): Inferred latch for "h[0]" at hex_ascii.v(10) File: C:/Users/boysa.CALEB-DESKTOP/Desktop/XTEA-Implementation-FPGA/student_xtea_ps2_ascii/hex_ascii.v Line: 10
Info (10041): Inferred latch for "h[1]" at hex_ascii.v(10) File: C:/Users/boysa.CALEB-DESKTOP/Desktop/XTEA-Implementation-FPGA/student_xtea_ps2_ascii/hex_ascii.v Line: 10
Info (10041): Inferred latch for "h[2]" at hex_ascii.v(10) File: C:/Users/boysa.CALEB-DESKTOP/Desktop/XTEA-Implementation-FPGA/student_xtea_ps2_ascii/hex_ascii.v Line: 10
Info (10041): Inferred latch for "h[3]" at hex_ascii.v(10) File: C:/Users/boysa.CALEB-DESKTOP/Desktop/XTEA-Implementation-FPGA/student_xtea_ps2_ascii/hex_ascii.v Line: 10
Info (12128): Elaborating entity "xtea_core" for hierarchy "xtea_core:core" File: C:/Users/boysa.CALEB-DESKTOP/Desktop/XTEA-Implementation-FPGA/student_xtea_ps2_ascii/top_xtea_ps2_lcd.v Line: 186
Info (12128): Elaborating entity "hex64_to_ascii16" for hierarchy "hex64_to_ascii16:fmt" File: C:/Users/boysa.CALEB-DESKTOP/Desktop/XTEA-Implementation-FPGA/student_xtea_ps2_ascii/top_xtea_ps2_lcd.v Line: 202
Info (12128): Elaborating entity "hex_nibble_to_ascii" for hierarchy "hex64_to_ascii16:fmt|hex_nibble_to_ascii:nibs[0].conv" File: C:/Users/boysa.CALEB-DESKTOP/Desktop/XTEA-Implementation-FPGA/student_xtea_ps2_ascii/hex64_to_ascii16.v Line: 6
Info (12128): Elaborating entity "lcd_text" for hierarchy "lcd_text:lcd" File: C:/Users/boysa.CALEB-DESKTOP/Desktop/XTEA-Implementation-FPGA/student_xtea_ps2_ascii/top_xtea_ps2_lcd.v Line: 246
Info (10264): Verilog HDL Case Statement information at lcd_text.v(123): all case item expressions in this case statement are onehot File: C:/Users/boysa.CALEB-DESKTOP/Desktop/XTEA-Implementation-FPGA/student_xtea_ps2_ascii/lcd_text.v Line: 123
Info (10264): Verilog HDL Case Statement information at lcd_text.v(148): all case item expressions in this case statement are onehot File: C:/Users/boysa.CALEB-DESKTOP/Desktop/XTEA-Implementation-FPGA/student_xtea_ps2_ascii/lcd_text.v Line: 148
Info (10264): Verilog HDL Case Statement information at lcd_text.v(165): all case item expressions in this case statement are onehot File: C:/Users/boysa.CALEB-DESKTOP/Desktop/XTEA-Implementation-FPGA/student_xtea_ps2_ascii/lcd_text.v Line: 165
Info (278001): Inferred 6 megafunctions from design logic
    Info (278004): Inferred divider/modulo megafunction ("lpm_divide") from the following logic: "Mod2" File: C:/Users/boysa.CALEB-DESKTOP/Desktop/XTEA-Implementation-FPGA/student_xtea_ps2_ascii/top_xtea_ps2_lcd.v Line: 239
    Info (278004): Inferred divider/modulo megafunction ("lpm_divide") from the following logic: "Mod0" File: C:/Users/boysa.CALEB-DESKTOP/Desktop/XTEA-Implementation-FPGA/student_xtea_ps2_ascii/top_xtea_ps2_lcd.v Line: 231
    Info (278004): Inferred divider/modulo megafunction ("lpm_divide") from the following logic: "Div1" File: C:/Users/boysa.CALEB-DESKTOP/Desktop/XTEA-Implementation-FPGA/student_xtea_ps2_ascii/top_xtea_ps2_lcd.v Line: 236
    Info (278004): Inferred divider/modulo megafunction ("lpm_divide") from the following logic: "Div2" File: C:/Users/boysa.CALEB-DESKTOP/Desktop/XTEA-Implementation-FPGA/student_xtea_ps2_ascii/top_xtea_ps2_lcd.v Line: 239
    Info (278004): Inferred divider/modulo megafunction ("lpm_divide") from the following logic: "Div0" File: C:/Users/boysa.CALEB-DESKTOP/Desktop/XTEA-Implementation-FPGA/student_xtea_ps2_ascii/top_xtea_ps2_lcd.v Line: 231
    Info (278004): Inferred divider/modulo megafunction ("lpm_divide") from the following logic: "Mod1" File: C:/Users/boysa.CALEB-DESKTOP/Desktop/XTEA-Implementation-FPGA/student_xtea_ps2_ascii/top_xtea_ps2_lcd.v Line: 236
Info (12130): Elaborated megafunction instantiation "lpm_divide:Mod2" File: C:/Users/boysa.CALEB-DESKTOP/Desktop/XTEA-Implementation-FPGA/student_xtea_ps2_ascii/top_xtea_ps2_lcd.v Line: 239
Info (12133): Instantiated megafunction "lpm_divide:Mod2" with the following parameter: File: C:/Users/boysa.CALEB-DESKTOP/Desktop/XTEA-Implementation-FPGA/student_xtea_ps2_ascii/top_xtea_ps2_lcd.v Line: 239
    Info (12134): Parameter "LPM_WIDTHN" = "5"
    Info (12134): Parameter "LPM_WIDTHD" = "4"
    Info (12134): Parameter "LPM_NREPRESENTATION" = "UNSIGNED"
    Info (12134): Parameter "LPM_DREPRESENTATION" = "UNSIGNED"
Info (12021): Found 1 design units, including 1 entities, in source file db/lpm_divide_j9m.tdf
    Info (12023): Found entity 1: lpm_divide_j9m File: C:/Users/boysa.CALEB-DESKTOP/Desktop/XTEA-Implementation-FPGA/db/lpm_divide_j9m.tdf Line: 25
Info (12021): Found 1 design units, including 1 entities, in source file db/sign_div_unsign_8kh.tdf
    Info (12023): Found entity 1: sign_div_unsign_8kh File: C:/Users/boysa.CALEB-DESKTOP/Desktop/XTEA-Implementation-FPGA/db/sign_div_unsign_8kh.tdf Line: 25
Info (12021): Found 1 design units, including 1 entities, in source file db/alt_u_div_44f.tdf
    Info (12023): Found entity 1: alt_u_div_44f File: C:/Users/boysa.CALEB-DESKTOP/Desktop/XTEA-Implementation-FPGA/db/alt_u_div_44f.tdf Line: 27
Info (12021): Found 1 design units, including 1 entities, in source file db/add_sub_7pc.tdf
    Info (12023): Found entity 1: add_sub_7pc File: C:/Users/boysa.CALEB-DESKTOP/Desktop/XTEA-Implementation-FPGA/db/add_sub_7pc.tdf Line: 23
Info (12021): Found 1 design units, including 1 entities, in source file db/add_sub_8pc.tdf
    Info (12023): Found entity 1: add_sub_8pc File: C:/Users/boysa.CALEB-DESKTOP/Desktop/XTEA-Implementation-FPGA/db/add_sub_8pc.tdf Line: 23
Info (12130): Elaborated megafunction instantiation "lpm_divide:Mod0" File: C:/Users/boysa.CALEB-DESKTOP/Desktop/XTEA-Implementation-FPGA/student_xtea_ps2_ascii/top_xtea_ps2_lcd.v Line: 231
Info (12133): Instantiated megafunction "lpm_divide:Mod0" with the following parameter: File: C:/Users/boysa.CALEB-DESKTOP/Desktop/XTEA-Implementation-FPGA/student_xtea_ps2_ascii/top_xtea_ps2_lcd.v Line: 231
    Info (12134): Parameter "LPM_WIDTHN" = "6"
    Info (12134): Parameter "LPM_WIDTHD" = "4"
    Info (12134): Parameter "LPM_NREPRESENTATION" = "UNSIGNED"
    Info (12134): Parameter "LPM_DREPRESENTATION" = "UNSIGNED"
Info (12021): Found 1 design units, including 1 entities, in source file db/lpm_divide_k9m.tdf
    Info (12023): Found entity 1: lpm_divide_k9m File: C:/Users/boysa.CALEB-DESKTOP/Desktop/XTEA-Implementation-FPGA/db/lpm_divide_k9m.tdf Line: 25
Info (12021): Found 1 design units, including 1 entities, in source file db/sign_div_unsign_9kh.tdf
    Info (12023): Found entity 1: sign_div_unsign_9kh File: C:/Users/boysa.CALEB-DESKTOP/Desktop/XTEA-Implementation-FPGA/db/sign_div_unsign_9kh.tdf Line: 25
Info (12021): Found 1 design units, including 1 entities, in source file db/alt_u_div_64f.tdf
    Info (12023): Found entity 1: alt_u_div_64f File: C:/Users/boysa.CALEB-DESKTOP/Desktop/XTEA-Implementation-FPGA/db/alt_u_div_64f.tdf Line: 27
Info (12130): Elaborated megafunction instantiation "lpm_divide:Div1" File: C:/Users/boysa.CALEB-DESKTOP/Desktop/XTEA-Implementation-FPGA/student_xtea_ps2_ascii/top_xtea_ps2_lcd.v Line: 236
Info (12133): Instantiated megafunction "lpm_divide:Div1" with the following parameter: File: C:/Users/boysa.CALEB-DESKTOP/Desktop/XTEA-Implementation-FPGA/student_xtea_ps2_ascii/top_xtea_ps2_lcd.v Line: 236
    Info (12134): Parameter "LPM_WIDTHN" = "4"
    Info (12134): Parameter "LPM_WIDTHD" = "4"
    Info (12134): Parameter "LPM_NREPRESENTATION" = "UNSIGNED"
    Info (12134): Parameter "LPM_DREPRESENTATION" = "UNSIGNED"
Info (12021): Found 1 design units, including 1 entities, in source file db/lpm_divide_fhm.tdf
    Info (12023): Found entity 1: lpm_divide_fhm File: C:/Users/boysa.CALEB-DESKTOP/Desktop/XTEA-Implementation-FPGA/db/lpm_divide_fhm.tdf Line: 25
Info (12021): Found 1 design units, including 1 entities, in source file db/sign_div_unsign_7kh.tdf
    Info (12023): Found entity 1: sign_div_unsign_7kh File: C:/Users/boysa.CALEB-DESKTOP/Desktop/XTEA-Implementation-FPGA/db/sign_div_unsign_7kh.tdf Line: 25
Info (12021): Found 1 design units, including 1 entities, in source file db/alt_u_div_24f.tdf
    Info (12023): Found entity 1: alt_u_div_24f File: C:/Users/boysa.CALEB-DESKTOP/Desktop/XTEA-Implementation-FPGA/db/alt_u_div_24f.tdf Line: 27
Info (12130): Elaborated megafunction instantiation "lpm_divide:Div2" File: C:/Users/boysa.CALEB-DESKTOP/Desktop/XTEA-Implementation-FPGA/student_xtea_ps2_ascii/top_xtea_ps2_lcd.v Line: 239
Info (12133): Instantiated megafunction "lpm_divide:Div2" with the following parameter: File: C:/Users/boysa.CALEB-DESKTOP/Desktop/XTEA-Implementation-FPGA/student_xtea_ps2_ascii/top_xtea_ps2_lcd.v Line: 239
    Info (12134): Parameter "LPM_WIDTHN" = "5"
    Info (12134): Parameter "LPM_WIDTHD" = "4"
    Info (12134): Parameter "LPM_NREPRESENTATION" = "UNSIGNED"
    Info (12134): Parameter "LPM_DREPRESENTATION" = "UNSIGNED"
Info (12021): Found 1 design units, including 1 entities, in source file db/lpm_divide_ghm.tdf
    Info (12023): Found entity 1: lpm_divide_ghm File: C:/Users/boysa.CALEB-DESKTOP/Desktop/XTEA-Implementation-FPGA/db/lpm_divide_ghm.tdf Line: 25
Info (12130): Elaborated megafunction instantiation "lpm_divide:Div0" File: C:/Users/boysa.CALEB-DESKTOP/Desktop/XTEA-Implementation-FPGA/student_xtea_ps2_ascii/top_xtea_ps2_lcd.v Line: 231
Info (12133): Instantiated megafunction "lpm_divide:Div0" with the following parameter: File: C:/Users/boysa.CALEB-DESKTOP/Desktop/XTEA-Implementation-FPGA/student_xtea_ps2_ascii/top_xtea_ps2_lcd.v Line: 231
    Info (12134): Parameter "LPM_WIDTHN" = "6"
    Info (12134): Parameter "LPM_WIDTHD" = "4"
    Info (12134): Parameter "LPM_NREPRESENTATION" = "UNSIGNED"
    Info (12134): Parameter "LPM_DREPRESENTATION" = "UNSIGNED"
Info (12021): Found 1 design units, including 1 entities, in source file db/lpm_divide_hhm.tdf
    Info (12023): Found entity 1: lpm_divide_hhm File: C:/Users/boysa.CALEB-DESKTOP/Desktop/XTEA-Implementation-FPGA/db/lpm_divide_hhm.tdf Line: 25
Info (12130): Elaborated megafunction instantiation "lpm_divide:Mod1" File: C:/Users/boysa.CALEB-DESKTOP/Desktop/XTEA-Implementation-FPGA/student_xtea_ps2_ascii/top_xtea_ps2_lcd.v Line: 236
Info (12133): Instantiated megafunction "lpm_divide:Mod1" with the following parameter: File: C:/Users/boysa.CALEB-DESKTOP/Desktop/XTEA-Implementation-FPGA/student_xtea_ps2_ascii/top_xtea_ps2_lcd.v Line: 236
    Info (12134): Parameter "LPM_WIDTHN" = "4"
    Info (12134): Parameter "LPM_WIDTHD" = "4"
    Info (12134): Parameter "LPM_NREPRESENTATION" = "UNSIGNED"
    Info (12134): Parameter "LPM_DREPRESENTATION" = "UNSIGNED"
Info (12021): Found 1 design units, including 1 entities, in source file db/lpm_divide_i9m.tdf
    Info (12023): Found entity 1: lpm_divide_i9m File: C:/Users/boysa.CALEB-DESKTOP/Desktop/XTEA-Implementation-FPGA/db/lpm_divide_i9m.tdf Line: 25
Warning (13012): Latch ascii_hex_nibble:ah|h[0] has unsafe behavior File: C:/Users/boysa.CALEB-DESKTOP/Desktop/XTEA-Implementation-FPGA/student_xtea_ps2_ascii/hex_ascii.v Line: 10
    Warning (13013): Ports D and ENA on the latch are fed by the same signal ps2_keyboard:kbd|ascii[0] File: C:/Users/boysa.CALEB-DESKTOP/Desktop/XTEA-Implementation-FPGA/student_xtea_ps2_ascii/ps2_keyboard.v Line: 81
Warning (13012): Latch ascii_hex_nibble:ah|h[3] has unsafe behavior File: C:/Users/boysa.CALEB-DESKTOP/Desktop/XTEA-Implementation-FPGA/student_xtea_ps2_ascii/hex_ascii.v Line: 10
    Warning (13013): Ports D and ENA on the latch are fed by the same signal ps2_keyboard:kbd|ascii[3] File: C:/Users/boysa.CALEB-DESKTOP/Desktop/XTEA-Implementation-FPGA/student_xtea_ps2_ascii/ps2_keyboard.v Line: 81
Warning (13012): Latch ascii_hex_nibble:ah|h[1] has unsafe behavior File: C:/Users/boysa.CALEB-DESKTOP/Desktop/XTEA-Implementation-FPGA/student_xtea_ps2_ascii/hex_ascii.v Line: 10
    Warning (13013): Ports D and ENA on the latch are fed by the same signal ps2_keyboard:kbd|ascii[1] File: C:/Users/boysa.CALEB-DESKTOP/Desktop/XTEA-Implementation-FPGA/student_xtea_ps2_ascii/ps2_keyboard.v Line: 81
Warning (13012): Latch ascii_hex_nibble:ah|h[2] has unsafe behavior File: C:/Users/boysa.CALEB-DESKTOP/Desktop/XTEA-Implementation-FPGA/student_xtea_ps2_ascii/hex_ascii.v Line: 10
    Warning (13013): Ports D and ENA on the latch are fed by the same signal ps2_keyboard:kbd|ascii[2] File: C:/Users/boysa.CALEB-DESKTOP/Desktop/XTEA-Implementation-FPGA/student_xtea_ps2_ascii/ps2_keyboard.v Line: 81
Warning (13024): Output pins are stuck at VCC or GND
    Warning (13410): Pin "LCD_ON" is stuck at VCC File: C:/Users/boysa.CALEB-DESKTOP/Desktop/XTEA-Implementation-FPGA/student_xtea_ps2_ascii/top_xtea_ps2_lcd.v Line: 21
    Warning (13410): Pin "LCD_RW" is stuck at GND File: C:/Users/boysa.CALEB-DESKTOP/Desktop/XTEA-Implementation-FPGA/student_xtea_ps2_ascii/top_xtea_ps2_lcd.v Line: 24
Info (286030): Timing-Driven Synthesis is running
Info (17049): 3 registers lost all their fanouts during netlist optimizations.
Info (16010): Generating hard_block partition "hard_block:auto_generated_inst"
    Info (16011): Adding 0 node(s), including 0 DDIO, 0 PLL, 0 transceiver and 0 LCELL
Warning (21074): Design contains 13 input pin(s) that do not drive logic
    Warning (15610): No output dependent on input pin "RESET_N" File: C:/Users/boysa.CALEB-DESKTOP/Desktop/XTEA-Implementation-FPGA/student_xtea_ps2_ascii/top_xtea_ps2_lcd.v Line: 15
    Warning (15610): No output dependent on input pin "SW[5]" File: C:/Users/boysa.CALEB-DESKTOP/Desktop/XTEA-Implementation-FPGA/student_xtea_ps2_ascii/top_xtea_ps2_lcd.v Line: 18
    Warning (15610): No output dependent on input pin "SW[6]" File: C:/Users/boysa.CALEB-DESKTOP/Desktop/XTEA-Implementation-FPGA/student_xtea_ps2_ascii/top_xtea_ps2_lcd.v Line: 18
    Warning (15610): No output dependent on input pin "SW[7]" File: C:/Users/boysa.CALEB-DESKTOP/Desktop/XTEA-Implementation-FPGA/student_xtea_ps2_ascii/top_xtea_ps2_lcd.v Line: 18
    Warning (15610): No output dependent on input pin "SW[8]" File: C:/Users/boysa.CALEB-DESKTOP/Desktop/XTEA-Implementation-FPGA/student_xtea_ps2_ascii/top_xtea_ps2_lcd.v Line: 18
    Warning (15610): No output dependent on input pin "SW[9]" File: C:/Users/boysa.CALEB-DESKTOP/Desktop/XTEA-Implementation-FPGA/student_xtea_ps2_ascii/top_xtea_ps2_lcd.v Line: 18
    Warning (15610): No output dependent on input pin "SW[10]" File: C:/Users/boysa.CALEB-DESKTOP/Desktop/XTEA-Implementation-FPGA/student_xtea_ps2_ascii/top_xtea_ps2_lcd.v Line: 18
    Warning (15610): No output dependent on input pin "SW[11]" File: C:/Users/boysa.CALEB-DESKTOP/Desktop/XTEA-Implementation-FPGA/student_xtea_ps2_ascii/top_xtea_ps2_lcd.v Line: 18
    Warning (15610): No output dependent on input pin "SW[12]" File: C:/Users/boysa.CALEB-DESKTOP/Desktop/XTEA-Implementation-FPGA/student_xtea_ps2_ascii/top_xtea_ps2_lcd.v Line: 18
    Warning (15610): No output dependent on input pin "SW[13]" File: C:/Users/boysa.CALEB-DESKTOP/Desktop/XTEA-Implementation-FPGA/student_xtea_ps2_ascii/top_xtea_ps2_lcd.v Line: 18
    Warning (15610): No output dependent on input pin "SW[14]" File: C:/Users/boysa.CALEB-DESKTOP/Desktop/XTEA-Implementation-FPGA/student_xtea_ps2_ascii/top_xtea_ps2_lcd.v Line: 18
    Warning (15610): No output dependent on input pin "SW[15]" File: C:/Users/boysa.CALEB-DESKTOP/Desktop/XTEA-Implementation-FPGA/student_xtea_ps2_ascii/top_xtea_ps2_lcd.v Line: 18
    Warning (15610): No output dependent on input pin "SW[16]" File: C:/Users/boysa.CALEB-DESKTOP/Desktop/XTEA-Implementation-FPGA/student_xtea_ps2_ascii/top_xtea_ps2_lcd.v Line: 18
Info (21057): Implemented 2422 device resources after synthesis - the final resource count might be different
    Info (21058): Implemented 26 input pins
    Info (21059): Implemented 12 output pins
    Info (21061): Implemented 2384 logic cells
Info: Quartus Prime Analysis & Synthesis was successful. 0 errors, 30 warnings
    Info: Peak virtual memory: 4894 megabytes
    Info: Processing ended: Wed Apr 29 21:58:22 2026
    Info: Elapsed time: 00:00:09
    Info: Total CPU time (on all processors): 00:00:15


